Component: ARM Compiler 5.05 update 1 (build 106) Tool: armlink [4d0efa]

==============================================================================

Section Cross References

    main.o(i.main) refers to init.o(i.All_Init) for All_Init
    main.o(i.main) refers to scheduler.o(i.Duty_Loop) for Duty_Loop
    main.o(i.main) refers to rc.o(.bss) for CH_filter
    main.o(i.main) refers to hal_pwm_in.o(.bss) for Rc_Pwm_In
    main.o(i.main) refers to main.o(.data) for Init_Finish
    main.o(i.main) refers to rc.o(.data) for height_ctrl_mode
    gpio.o(i.GPIOIntRegister) refers to gpio.o(i._GPIOIntNumberGet) for _GPIOIntNumberGet
    gpio.o(i.GPIOIntRegister) refers to interrupt.o(i.IntRegister) for IntRegister
    gpio.o(i.GPIOIntRegister) refers to interrupt.o(i.IntEnable) for IntEnable
    gpio.o(i.GPIOIntUnregister) refers to gpio.o(i._GPIOIntNumberGet) for _GPIOIntNumberGet
    gpio.o(i.GPIOIntUnregister) refers to interrupt.o(i.IntDisable) for IntDisable
    gpio.o(i.GPIOIntUnregister) refers to interrupt.o(i.IntUnregister) for IntUnregister
    gpio.o(i.GPIOPinConfigure) refers to gpio.o(.constdata) for g_pui32GPIOBaseAddrs
    gpio.o(i.GPIOPinTypeADC) refers to gpio.o(i.GPIODirModeSet) for GPIODirModeSet
    gpio.o(i.GPIOPinTypeADC) refers to gpio.o(i.GPIOPadConfigSet) for GPIOPadConfigSet
    gpio.o(i.GPIOPinTypeCAN) refers to gpio.o(i.GPIODirModeSet) for GPIODirModeSet
    gpio.o(i.GPIOPinTypeCAN) refers to gpio.o(i.GPIOPadConfigSet) for GPIOPadConfigSet
    gpio.o(i.GPIOPinTypeComparator) refers to gpio.o(i.GPIODirModeSet) for GPIODirModeSet
    gpio.o(i.GPIOPinTypeComparator) refers to gpio.o(i.GPIOPadConfigSet) for GPIOPadConfigSet
    gpio.o(i.GPIOPinTypeComparatorOutput) refers to gpio.o(i.GPIODirModeSet) for GPIODirModeSet
    gpio.o(i.GPIOPinTypeComparatorOutput) refers to gpio.o(i.GPIOPadConfigSet) for GPIOPadConfigSet
    gpio.o(i.GPIOPinTypeDIVSCLK) refers to gpio.o(i.GPIODirModeSet) for GPIODirModeSet
    gpio.o(i.GPIOPinTypeDIVSCLK) refers to gpio.o(i.GPIOPadConfigSet) for GPIOPadConfigSet
    gpio.o(i.GPIOPinTypeEPI) refers to gpio.o(i.GPIODirModeSet) for GPIODirModeSet
    gpio.o(i.GPIOPinTypeEPI) refers to gpio.o(i.GPIOPadConfigSet) for GPIOPadConfigSet
    gpio.o(i.GPIOPinTypeEthernetLED) refers to gpio.o(i.GPIODirModeSet) for GPIODirModeSet
    gpio.o(i.GPIOPinTypeEthernetLED) refers to gpio.o(i.GPIOPadConfigSet) for GPIOPadConfigSet
    gpio.o(i.GPIOPinTypeEthernetMII) refers to gpio.o(i.GPIODirModeSet) for GPIODirModeSet
    gpio.o(i.GPIOPinTypeEthernetMII) refers to gpio.o(i.GPIOPadConfigSet) for GPIOPadConfigSet
    gpio.o(i.GPIOPinTypeGPIOInput) refers to gpio.o(i.GPIODirModeSet) for GPIODirModeSet
    gpio.o(i.GPIOPinTypeGPIOInput) refers to gpio.o(i.GPIOPadConfigSet) for GPIOPadConfigSet
    gpio.o(i.GPIOPinTypeGPIOOutput) refers to gpio.o(i.GPIOPadConfigSet) for GPIOPadConfigSet
    gpio.o(i.GPIOPinTypeGPIOOutput) refers to gpio.o(i.GPIODirModeSet) for GPIODirModeSet
    gpio.o(i.GPIOPinTypeGPIOOutputOD) refers to gpio.o(i.GPIOPadConfigSet) for GPIOPadConfigSet
    gpio.o(i.GPIOPinTypeGPIOOutputOD) refers to gpio.o(i.GPIODirModeSet) for GPIODirModeSet
    gpio.o(i.GPIOPinTypeHibernateRTCCLK) refers to gpio.o(i.GPIODirModeSet) for GPIODirModeSet
    gpio.o(i.GPIOPinTypeHibernateRTCCLK) refers to gpio.o(i.GPIOPadConfigSet) for GPIOPadConfigSet
    gpio.o(i.GPIOPinTypeI2C) refers to gpio.o(i.GPIODirModeSet) for GPIODirModeSet
    gpio.o(i.GPIOPinTypeI2C) refers to gpio.o(i.GPIOPadConfigSet) for GPIOPadConfigSet
    gpio.o(i.GPIOPinTypeI2CSCL) refers to gpio.o(i.GPIODirModeSet) for GPIODirModeSet
    gpio.o(i.GPIOPinTypeI2CSCL) refers to gpio.o(i.GPIOPadConfigSet) for GPIOPadConfigSet
    gpio.o(i.GPIOPinTypeLCD) refers to gpio.o(i.GPIODirModeSet) for GPIODirModeSet
    gpio.o(i.GPIOPinTypeLCD) refers to gpio.o(i.GPIOPadConfigSet) for GPIOPadConfigSet
    gpio.o(i.GPIOPinTypeOneWire) refers to gpio.o(i.GPIODirModeSet) for GPIODirModeSet
    gpio.o(i.GPIOPinTypeOneWire) refers to gpio.o(i.GPIOPadConfigSet) for GPIOPadConfigSet
    gpio.o(i.GPIOPinTypePWM) refers to gpio.o(i.GPIODirModeSet) for GPIODirModeSet
    gpio.o(i.GPIOPinTypePWM) refers to gpio.o(i.GPIOPadConfigSet) for GPIOPadConfigSet
    gpio.o(i.GPIOPinTypeQEI) refers to gpio.o(i.GPIODirModeSet) for GPIODirModeSet
    gpio.o(i.GPIOPinTypeQEI) refers to gpio.o(i.GPIOPadConfigSet) for GPIOPadConfigSet
    gpio.o(i.GPIOPinTypeSSI) refers to gpio.o(i.GPIODirModeSet) for GPIODirModeSet
    gpio.o(i.GPIOPinTypeSSI) refers to gpio.o(i.GPIOPadConfigSet) for GPIOPadConfigSet
    gpio.o(i.GPIOPinTypeTimer) refers to gpio.o(i.GPIODirModeSet) for GPIODirModeSet
    gpio.o(i.GPIOPinTypeTimer) refers to gpio.o(i.GPIOPadConfigSet) for GPIOPadConfigSet
    gpio.o(i.GPIOPinTypeTrace) refers to gpio.o(i.GPIODirModeSet) for GPIODirModeSet
    gpio.o(i.GPIOPinTypeTrace) refers to gpio.o(i.GPIOPadConfigSet) for GPIOPadConfigSet
    gpio.o(i.GPIOPinTypeUART) refers to gpio.o(i.GPIODirModeSet) for GPIODirModeSet
[...]
    GPIOA_Handler                            0x00000397   Thumb Code     2  startup_tm4c123.o(.text)
    GPIOB_Handler                            0x00000399   Thumb Code     2  startup_tm4c123.o(.text)
    GPIOC_Handler                            0x0000039b   Thumb Code     2  startup_tm4c123.o(.text)
    GPIOD_Handler                            0x0000039d   Thumb Code     2  startup_tm4c123.o(.text)
    GPIOE_Handler                            0x0000039f   Thumb Code     2  startup_tm4c123.o(.text)
    SSI0_Handler                             0x000003a5   Thumb Code     2  startup_tm4c123.o(.text)
    PMW0_FAULT_Handler                       0x000003a9   Thumb Code     2  startup_tm4c123.o(.text)
    PWM0_0_Handler                           0x000003ab   Thumb Code     2  startup_tm4c123.o(.text)
    PWM0_1_Handler                           0x000003ad   Thumb Code     2  startup_tm4c123.o(.text)
    PWM0_2_Handler                           0x000003af   Thumb Code     2  startup_tm4c123.o(.text)
    QEI0_Handler                             0x000003b1   Thumb Code     2  startup_tm4c123.o(.text)
    ADC0SS0_Handler                          0x000003b3   Thumb Code     2  startup_tm4c123.o(.text)
    ADC0SS1_Handler                          0x000003b5   Thumb Code     2  startup_tm4c123.o(.text)
    ADC0SS2_Handler                          0x000003b7   Thumb Code     2  startup_tm4c123.o(.text)
    ADC0SS3_Handler                          0x000003b9   Thumb Code     2  startup_tm4c123.o(.text)
    WDT0_Handler                             0x000003bb   Thumb Code     2  startup_tm4c123.o(.text)
    TIMER0A_Handler                          0x000003bd   Thumb Code     2  startup_tm4c123.o(.text)
    TIMER1A_Handler                          0x000003c1   Thumb Code     2  startup_tm4c123.o(.text)
    TIMER1B_Handler                          0x000003c3   Thumb Code     2  startup_tm4c123.o(.text)
    TIMER2A_Handler                          0x000003c5   Thumb Code     2  startup_tm4c123.o(.text)
    TIMER2B_Handler                          0x000003c7   Thumb Code     2  startup_tm4c123.o(.text)
    COMP0_Handler                            0x000003c9   Thumb Code     2  startup_tm4c123.o(.text)
    COMP1_Handler                            0x000003cb   Thumb Code     2  startup_tm4c123.o(.text)
    COMP2_Handler                            0x000003cd   Thumb Code     2  startup_tm4c123.o(.text)
    SYSCTL_Handler                           0x000003cf   Thumb Code     2  startup_tm4c123.o(.text)
    FLASH_Handler                            0x000003d1   Thumb Code     2  startup_tm4c123.o(.text)
    GPIOF_Handler                            0x000003d3   Thumb Code     2  startup_tm4c123.o(.text)
    GPIOG_Handler                            0x000003d5   Thumb Code     2  startup_tm4c123.o(.text)
    GPIOH_Handler                            0x000003d7   Thumb Code     2  startup_tm4c123.o(.text)
    SSI1_Handler                             0x000003db   Thumb Code     2  startup_tm4c123.o(.text)
    TIMER3A_Handler                          0x000003dd   Thumb Code     2  startup_tm4c123.o(.text)
    TIMER3B_Handler                          0x000003df   Thumb Code     2  startup_tm4c123.o(.text)
    I2C1_Handler                             0x000003e1   Thumb Code     2  startup_tm4c123.o(.text)
    QEI1_Handler                             0x000003e3   Thumb Code     2  startup_tm4c123.o(.text)
    CAN0_Handler                             0x000003e5   Thumb Code     2  startup_tm4c123.o(.text)
    CAN1_Handler                             0x000003e7   Thumb Code     2  startup_tm4c123.o(.text)
    CAN2_Handler                             0x000003e9   Thumb Code     2  startup_tm4c123.o(.text)
    HIB_Handler                              0x000003eb   Thumb Code     2  startup_tm4c123.o(.text)
    USB0_Handler                             0x000003ed   Thumb Code     2  startup_tm4c123.o(.text)
    PWM0_3_Handler                           0x000003ef   Thumb Code     2  startup_tm4c123.o(.text)
    UDMA_Handler                             0x000003f1   Thumb Code     2  startup_tm4c123.o(.text)
    UDMAERR_Handler                          0x000003f3   Thumb Code     2  startup_tm4c123.o(.text)
    ADC1SS0_Handler                          0x000003f5   Thumb Code     2  startup_tm4c123.o(.text)
    ADC1SS1_Handler                          0x000003f7   Thumb Code     2  startup_tm4c123.o(.text)
    ADC1SS2_Handler                          0x000003f9   Thumb Code     2  startup_tm4c123.o(.text)
    ADC1SS3_Handler                          0x000003fb   Thumb Code     2  startup_tm4c123.o(.text)
    GPIOJ_Handler                            0x000003fd   Thumb Code     2  startup_tm4c123.o(.text)
    GPIOK_Handler                            0x000003ff   Thumb Code     2  startup_tm4c123.o(.text)
    GPIOL_Handler                            0x00000401   Thumb Code     2  startup_tm4c123.o(.text)
    SSI2_Handler                             0x00000403   Thumb Code     2  startup_tm4c123.o(.text)
    SSI3_Handler                             0x00000405   Thumb Code     2  startup_tm4c123.o(.text)
    UART4_Handler                            0x00000409   Thumb Code     2  startup_tm4c123.o(.text)
    UART5_Handler                            0x0000040b   Thumb Code     2  startup_tm4c123.o(.text)
    UART6_Handler                            0x0000040d   Thumb Code     2  startup_tm4c123.o(.text)
    I2C2_Handler                             0x00000411   Thumb Code     2  startup_tm4c123.o(.text)
    I2C3_Handler                             0x00000413   Thumb Code     2  startup_tm4c123.o(.text)
    TIMER4A_Handler                          0x00000415   Thumb Code     2  startup_tm4c123.o(.text)
    TIMER4B_Handler                          0x00000417   Thumb Code     2  startup_tm4c123.o(.text)
    TIMER5A_Handler                          0x00000419   Thumb Code     2  startup_tm4c123.o(.text)
    TIMER5B_Handler                          0x0000041b   Thumb Code     2  startup_tm4c123.o(.text)
    WTIMER0A_Handler                         0x0000041d   Thumb Code     2  startup_tm4c123.o(.text)
    WTIMER0B_Handler                         0x0000041f   Thumb Code     2  startup_tm4c123.o(.text)
    WTIMER1A_Handler                         0x00000421   Thumb Code     2  startup_tm4c123.o(.text)
    WTIMER1B_Handler                         0x00000423   Thumb Code     2  startup_tm4c123.o(.text)
    WTIMER4A_Handler                         0x0000042d   Thumb Code     2  startup_tm4c123.o(.text)
    WTIMER4B_Handler                         0x0000042f   Thumb Code     2  startup_tm4c123.o(.text)
    WTIMER5A_Handler                         0x00000431   Thumb Code     2  startup_tm4c123.o(.text)
    WTIMER5B_Handler                         0x00000433   Thumb Code     2  startup_tm4c123.o(.text)
    FPU_Handler                              0x00000435   Thumb Code     2  startup_tm4c123.o(.text)
    I2C4_Handler                             0x00000437   Thumb Code     2  startup_tm4c123.o(.text)
    I2C5_Handler                             0x00000439   Thumb Code     2  startup_tm4c123.o(.text)
    GPIOM_Handler                            0x0000043b   Thumb Code     2  startup_tm4c123.o(.text)
    GPION_Handler                            0x0000043d   Thumb Code     2  startup_tm4c123.o(.text)
    QEI2_Handler                             0x0000043f   Thumb Code     2  startup_tm4c123.o(.text)
    GPIOP0_Handler                           0x00000441   Thumb Code     2  startup_tm4c123.o(.text)
    GPIOP1_Handler                           0x00000443   Thumb Code     2  startup_tm4c123.o(.text)
    GPIOP2_Handler                           0x00000445   Thumb Code     2  startup_tm4c123.o(.text)
    GPIOP3_Handler                           0x00000447   Thumb Code     2  startup_tm4c123.o(.text)
    GPIOP4_Handler                           0x00000449   Thumb Code     2  startup_tm4c123.o(.text)
    GPIOP5_Handler                           0x0000044b   Thumb Code     2  startup_tm4c123.o(.text)
    GPIOP6_Handler                           0x0000044d   Thumb Code     2  startup_tm4c123.o(.text)
    GPIOP7_Handler                           0x0000044f   Thumb Code     2  startup_tm4c123.o(.text)
    GPIOQ0_Handler                           0x00000451   Thumb Code     2  startup_tm4c123.o(.text)
    GPIOQ1_Handler                           0x00000453   Thumb Code     2  startup_tm4c123.o(.text)
    GPIOQ2_Handler                           0x00000455   Thumb Code     2  startup_tm4c123.o(.text)
    GPIOQ3_Handler                           0x00000457   Thumb Code     2  startup_tm4c123.o(.text)
    GPIOQ4_Handler                           0x00000459   Thumb Code     2  startup_tm4c123.o(.text)
    GPIOQ5_Handler                           0x0000045b   Thumb Code     2  startup_tm4c123.o(.text)
    GPIOQ6_Handler                           0x0000045d   Thumb Code     2  startup_tm4c123.o(.text)
    GPIOQ7_Handler                           0x0000045f   Thumb Code     2  startup_tm4c123.o(.text)
    GPIOR_Handler                            0x00000461   Thumb Code     2  startup_tm4c123.o(.text)
    GPIOS_Handler                            0x00000463   Thumb Code     2  startup_tm4c123.o(.text)
    PMW1_0_Handler                           0x00000465   Thumb Code     2  startup_tm4c123.o(.text)
    PWM1_1_Handler                           0x00000467   Thumb Code     2  startup_tm4c123.o(.text)
    PWM1_2_Handler                           0x00000469   Thumb Code     2  startup_tm4c123.o(.text)
    PWM1_3_Handler                           0x0000046b   Thumb Code     2  startup_tm4c123.o(.text)
    PWM1_FAULT_Handler                       0x0000046d   Thumb Code     2  startup_tm4c123.o(.text)
    __user_initial_stackheap                 0x00000471   Thumb Code     0  startup_tm4c123.o(.text)
    __use_no_semihosting                     0x00000491   Thumb Code     2  use_no_semi_2.o(.text)
    __aeabi_memclr4                          0x00000493   Thumb Code     0  rt_memclr_w.o(.text)
    __aeabi_memclr8                          0x00000493   Thumb Code     0  rt_memclr_w.o(.text)
    __rt_memclr_w                            0x00000493   Thumb Code    78  rt_memclr_w.o(.text)
    _memset_w                                0x00000497   Thumb Code     0  rt_memclr_w.o(.text)
    __use_two_region_memory                  0x000004e1   Thumb Code     2  heapauxi.o(.text)
    __rt_heap_escrow$2region                 0x000004e3   Thumb Code     2  heapauxi.o(.text)
    __rt_heap_expand$2region                 0x000004e5   Thumb Code     2  heapauxi.o(.text)
    __I$use$semihosting                      0x000004e7   Thumb Code     0  use_no_semi.o(.text)
    __use_no_semihosting_swi                 0x000004e7   Thumb Code     2  use_no_semi.o(.text)
    __read_errno                             0x000004e9   Thumb Code    10  _rserrno.o(.text)
    __set_errno                              0x000004f3   Thumb Code    12  _rserrno.o(.text)
    __aeabi_errno_addr                       0x00000501   Thumb Code     8  rt_errno_addr_intlibspace.o(.text)
    __errno$intlibspace                      0x00000501   Thumb Code     0  rt_errno_addr_intlibspace.o(.text)
    __rt_errno_addr$intlibspace              0x00000501   Thumb Code     0  rt_errno_addr_intlibspace.o(.text)
    __user_libspace                          0x00000509   Thumb Code     8  libspace.o(.text)
    __user_perproc_libspace                  0x00000509   Thumb Code     0  libspace.o(.text)
    __user_perthread_libspace                0x00000509   Thumb Code     0  libspace.o(.text)
    __user_setup_stackheap                   0x00000511   Thumb Code    74  sys_stackheap_outer.o(.text)
    exit                                     0x0000055b   Thumb Code    12  exit.o(.text)
    ANO_AK8975_CalOffset_Mag                 0x00000569   Thumb Code   770  ak8975.o(i.ANO_AK8975_CalOffset_Mag)
    ANO_AK8975_Read                          0x00000889   Thumb Code     8  ak8975.o(i.ANO_AK8975_Read)
    ANO_AK8975_Read_Mag_Data                 0x00000891   Thumb Code   250  ak8975.o(i.ANO_AK8975_Read_Mag_Data)
    ANO_AK8975_Run                           0x00000991   Thumb Code    28  ak8975.o(i.ANO_AK8975_Run)
    ANO_DT_Data_Exchange                     0x000009ad   Thumb Code  1408  data_transfer.o(i.ANO_DT_Data_Exchange)
    ANO_DT_Data_Receive_Anl                  0x00000f39   Thumb Code  2760  data_transfer.o(i.ANO_DT_Data_Receive_Anl)
    ANO_DT_Data_Receive_Prepare              0x00001a15   Thumb Code   216  data_transfer.o(i.ANO_DT_Data_Receive_Prepare)
    ANO_DT_Send_Data                         0x00001b45   Thumb Code    16  data_transfer.o(i.ANO_DT_Send_Data)
    ANO_DT_Send_Location                     0x00001b59   Thumb Code   290  data_transfer.o(i.ANO_DT_Send_Location)
    ANO_DT_Send_MotoPWM                      0x00001c85   Thumb Code   294  data_transfer.o(i.ANO_DT_Send_MotoPWM)
    ANO_DT_Send_PID                          0x00001db1   Thumb Code   562  data_transfer.o(i.ANO_DT_Send_PID)
    ANO_DT_Send_Power                        0x00001fed   Thumb Code   142  data_transfer.o(i.ANO_DT_Send_Power)
    ANO_DT_Send_RCData                       0x00002081   Thumb Code   350  data_transfer.o(i.ANO_DT_Send_RCData)
    ANO_DT_Send_Senser                       0x000021e5   Thumb Code   406  data_transfer.o(i.ANO_DT_Send_Senser)
    ANO_DT_Send_Senser2                      0x00002381   Thumb Code   154  data_transfer.o(i.ANO_DT_Send_Senser2)
    ANO_DT_Send_Speed                        0x00002421   Thumb Code   242  data_transfer.o(i.ANO_DT_Send_Speed)
    ANO_DT_Send_Status                       0x0000251d   Thumb Code   336  data_transfer.o(i.ANO_DT_Send_Status)
    ANO_DT_Send_User                         0x00002675   Thumb Code   234  data_transfer.o(i.ANO_DT_Send_User)
    ANO_DT_Send_Version                      0x00002765   Thumb Code   196  data_transfer.o(i.ANO_DT_Send_Version)
    All_Init                                 0x0000282d   Thumb Code   142  init.o(i.All_Init)
    All_Out                                  0x000028d1   Thumb Code   902  ctrl.o(i.All_Out)
    AutoFlyDuty                              0x00002c8d   Thumb Code    60  autofly.o(i.AutoFlyDuty)
    Baro_Ctrl                                0x00002cd1   Thumb Code   128  height_ctrl.o(i.Baro_Ctrl)
    BluetoothResive                          0x00002d69   Thumb Code   268  bluetooth.o(i.BluetoothResive)
    CH_Mapping_Fun                           0x00002e99   Thumb Code    28  rc.o(i.CH_Mapping_Fun)
    CTRL_1                                   0x00002eb9   Thumb Code  1782  ctrl.o(i.CTRL_1)
    CTRL_2                                   0x000035d1   Thumb Code  1496  ctrl.o(i.CTRL_2)
    Ctrl_Para_Init                           0x00003bb5   Thumb Code    36  ctrl.o(i.Ctrl_Para_Init)
    Cycle_Time_Init                          0x00003be1   Thumb Code    22  hal_timer.o(i.Cycle_Time_Init)
    Delay_ms                                 0x00003bf7   Thumb Code    28  delay.o(i.Delay_ms)
    Down                                     0x00003c15   Thumb Code    66  autofly.o(i.Down)
    Duty_10ms                                0x00003c6d   Thumb Code    96  scheduler.o(i.Duty_10ms)
    Duty_1ms                                 0x00003cdd   Thumb Code    14  scheduler.o(i.Duty_1ms)
    Duty_20ms                                0x00003cf1   Thumb Code     2  scheduler.o(i.Duty_20ms)
    Duty_2ms                                 0x00003cf5   Thumb Code   104  scheduler.o(i.Duty_2ms)
    Duty_50ms                                0x00003d69   Thumb Code    22  scheduler.o(i.Duty_50ms)
    Duty_5ms                                 0x00003d81   Thumb Code   102  scheduler.o(i.Duty_5ms)
    Duty_Loop                                0x00003df9   Thumb Code   132  scheduler.o(i.Duty_Loop)
    Feed_Rc_Dog                              0x00003e89   Thumb Code    12  rc.o(i.Feed_Rc_Dog)
    Flash_GetInfo                            0x00003e9d   Thumb Code     4  drv_w25qxx.o(i.Flash_GetInfo)
    Flash_Init                               0x00003ea5   Thumb Code   140  drv_w25qxx.o(i.Flash_Init)
    Flash_PageRead                           0x00003f35   Thumb Code    58  drv_w25qxx.o(i.Flash_PageRead)
    Flash_PageWrite                          0x00003f6f   Thumb Code    64  drv_w25qxx.o(i.Flash_PageWrite)
    Flash_SectorErase                        0x00003fdd   Thumb Code    46  drv_w25qxx.o(i.Flash_SectorErase)
    Flash_SectorsRead                        0x0000400d   Thumb Code    52  drv_w25qxx.o(i.Flash_SectorsRead)
    Flash_SectorsWrite                       0x00004045   Thumb Code   104  drv_w25qxx.o(i.Flash_SectorsWrite)
    Fly_Ready                                0x000040e1   Thumb Code   238  rc.o(i.Fly_Ready)
    GPIODirModeSet                           0x000041ed   Thumb Code    50  gpio.o(i.GPIODirModeSet)
    GPIOPadConfigSet                         0x0000421f   Thumb Code   342  gpio.o(i.GPIOPadConfigSet)
    GPIOPinConfigure                         0x00004375   Thumb Code    70  gpio.o(i.GPIOPinConfigure)
    GPIOPinRead                              0x000043c5   Thumb Code    12  gpio.o(i.GPIOPinRead)
    GPIOPinTypeGPIOOutput                    0x000043d1   Thumb Code    30  gpio.o(i.GPIOPinTypeGPIOOutput)
    GPIOPinTypeI2C                           0x000043ef   Thumb Code    30  gpio.o(i.GPIOPinTypeI2C)
    GPIOPinTypeI2CSCL                        0x0000440d   Thumb Code    30  gpio.o(i.GPIOPinTypeI2CSCL)
    GPIOPinTypePWM                           0x0000442b   Thumb Code    30  gpio.o(i.GPIOPinTypePWM)
    GPIOPinTypeUART                          0x00004449   Thumb Code    30  gpio.o(i.GPIOPinTypeUART)
    GPIOPinWrite                             0x00004467   Thumb Code    10  gpio.o(i.GPIOPinWrite)
    GetSysTime_us                            0x00004471   Thumb Code    48  hal_timer.o(i.GetSysTime_us)
    Get_Cycle_T                              0x000044a5   Thumb Code   118  hal_timer.o(i.Get_Cycle_T)
    Height_Ctrl                              0x00004525   Thumb Code   520  height_ctrl.o(i.Height_Ctrl)
    I2C0Init                                 0x00004799   Thumb Code    80  hal_i2c.o(i.I2C0Init)
    I2C0_Handler                             0x00004801   Thumb Code    12  hal_i2c.o(i.I2C0_Handler)
    I2CMasterBusy                            0x00004811   Thumb Code    18  i2c.o(i.I2CMasterBusy)
    I2CMasterControl                         0x00004823   Thumb Code     4  i2c.o(i.I2CMasterControl)
    I2CMasterDataGet                         0x00004827   Thumb Code     6  i2c.o(i.I2CMasterDataGet)
    I2CMasterDataPut                         0x0000482d   Thumb Code     4  i2c.o(i.I2CMasterDataPut)
    I2CMasterEnable                          0x00004831   Thumb Code    10  i2c.o(i.I2CMasterEnable)
    I2CMasterErr                             0x0000483b   Thumb Code    30  i2c.o(i.I2CMasterErr)
    I2CMasterInitExpClk                      0x00004859   Thumb Code    78  i2c.o(i.I2CMasterInitExpClk)
    I2CMasterIntEnable                       0x000048b5   Thumb Code     6  i2c.o(i.I2CMasterIntEnable)
    I2CMasterIntEnableEx                     0x000048bb   Thumb Code     8  i2c.o(i.I2CMasterIntEnableEx)
    I2CMasterSlaveAddrSet                    0x000048c3   Thumb Code     8  i2c.o(i.I2CMasterSlaveAddrSet)
    I2CReadToBuf                             0x000048cd   Thumb Code   314  hal_i2c.o(i.I2CReadToBuf)
    I2CWriteToReg                            0x00004a11   Thumb Code   170  hal_i2c.o(i.I2CWriteToReg)
    IICwriteBit                              0x00004ac1   Thumb Code    78  mpu6050.o(i.IICwriteBit)
    IICwriteBits                             0x00004b15   Thumb Code   102  mpu6050.o(i.IICwriteBits)
    IMUupdate                                0x00004b7d   Thumb Code  2082  imu.o(i.IMUupdate)
    IntEnable                                0x000053ed   Thumb Code    92  interrupt.o(i.IntEnable)
    IntMasterEnable                          0x00005451   Thumb Code    14  interrupt.o(i.IntMasterEnable)
    LED_Display                              0x00005461   Thumb Code   158  led.o(i.LED_Display)
    LED_Duty                                 0x00005509   Thumb Code   590  led.o(i.LED_Duty)
    LED_Init                                 0x00005775   Thumb Code    28  led.o(i.LED_Init)
    LED_MPU_Err                              0x00005799   Thumb Code    70  led.o(i.LED_MPU_Err)
    LED_Mag_Err                              0x000057e5   Thumb Code   100  led.o(i.LED_Mag_Err)
    Loop_check                               0x0000584d   Thumb Code    86  scheduler.o(i.Loop_check)
    MPU6050_Data_Offset                      0x000058a9   Thumb Code   208  mpu6050.o(i.MPU6050_Data_Offset)
    MPU6050_Data_Prepare                     0x00005989   Thumb Code  1170  mpu6050.o(i.MPU6050_Data_Prepare)
    MPU6050_Init                             0x00005e25   Thumb Code   198  mpu6050.o(i.MPU6050_Init)
    MPU6050_Read                             0x00005eed   Thumb Code    16  mpu6050.o(i.MPU6050_Read)
    MPU6050_setClockSource                   0x00005f01   Thumb Code    20  mpu6050.o(i.MPU6050_setClockSource)
    MPU6050_setDLPF                          0x00005f15   Thumb Code    20  mpu6050.o(i.MPU6050_setDLPF)
    MPU6050_setFullScaleAccelRange           0x00005f29   Thumb Code    36  mpu6050.o(i.MPU6050_setFullScaleAccelRange)
    MPU6050_setFullScaleGyroRange            0x00005f4d   Thumb Code    36  mpu6050.o(i.MPU6050_setFullScaleGyroRange)
    MPU6050_setI2CBypassEnabled              0x00005f71   Thumb Code    18  mpu6050.o(i.MPU6050_setI2CBypassEnabled)
    MPU6050_setI2CMasterModeEnabled          0x00005f83   Thumb Code    18  mpu6050.o(i.MPU6050_setI2CMasterModeEnabled)
    MPU6050_setSleepEnabled                  0x00005f95   Thumb Code    18  mpu6050.o(i.MPU6050_setSleepEnabled)
    MPU6050_set_SMPLRT_DIV                   0x00005fa7   Thumb Code    32  mpu6050.o(i.MPU6050_set_SMPLRT_DIV)
    MS5611_BaroAltCalculate                  0x00005fc9   Thumb Code   646  ms5611.o(i.MS5611_BaroAltCalculate)
    MS5611_Init                              0x000062ad   Thumb Code    40  ms5611.o(i.MS5611_Init)
    MS5611_Read_Adc_P                        0x000062d9   Thumb Code    16  ms5611.o(i.MS5611_Read_Adc_P)
    MS5611_Read_Adc_T                        0x000062ed   Thumb Code    16  ms5611.o(i.MS5611_Read_Adc_T)
    MS5611_Read_Prom                         0x00006301   Thumb Code    72  ms5611.o(i.MS5611_Read_Prom)
    MS5611_Reset                             0x0000634d   Thumb Code    20  ms5611.o(i.MS5611_Reset)
    MS5611_Start_P                           0x00006361   Thumb Code    20  ms5611.o(i.MS5611_Start_P)
    MS5611_Start_T                           0x00006375   Thumb Code    20  ms5611.o(i.MS5611_Start_T)
    MS5611_Update                            0x00006389   Thumb Code    48  ms5611.o(i.MS5611_Update)
    Moving_Average                           0x000063bd   Thumb Code    94  filter.o(i.Moving_Average)
    Moving_Median                            0x0000641d   Thumb Code   236  filter.o(i.Moving_Median)
    PID_Para_Init                            0x00006515   Thumb Code    16  parameter.o(i.PID_Para_Init)
    PWMGenConfigure                          0x00006525   Thumb Code    42  pwm.o(i.PWMGenConfigure)
    PWMGenEnable                             0x00006555   Thumb Code    10  pwm.o(i.PWMGenEnable)
    PWMGenPeriodSet                          0x0000655f   Thumb Code    22  pwm.o(i.PWMGenPeriodSet)
    PWMInit                                  0x00006575   Thumb Code   232  hal_pwm.o(i.PWMInit)
    PWMOutputState                           0x00006681   Thumb Code    20  pwm.o(i.PWMOutputState)
    PWMPulseWidthSet                         0x00006695   Thumb Code    38  pwm.o(i.PWMPulseWidthSet)
    Para_Init                                0x000066bd   Thumb Code    32  parameter.o(i.Para_Init)
    Para_ResetToFactorySetup                 0x00006819   Thumb Code   292  parameter.o(i.Para_ResetToFactorySetup)
    RC_Duty                                  0x00006b65   Thumb Code  1138  rc.o(i.RC_Duty)
    RPYOffset                                0x00006fe1   Thumb Code   166  imu.o(i.RPYOffset)
    ResiveCameraData                         0x000070a1   Thumb Code    86  tracking.o(i.ResiveCameraData)
    Rise                                     0x00007109   Thumb Code   158  autofly.o(i.Rise)
    SetPwm                                   0x000071bd   Thumb Code   174  hal_pwm.o(i.SetPwm)
    SysCtlClockGet                           0x00007275   Thumb Code   324  sysctl.o(i.SysCtlClockGet)
    SysCtlClockSet                           0x000073e1   Thumb Code   280  sysctl.o(i.SysCtlClockSet)
    SysCtlPeripheralEnable                   0x0000750d   Thumb Code    46  sysctl.o(i.SysCtlPeripheralEnable)
    SysCtlPeripheralReady                    0x00007541   Thumb Code    52  sysctl.o(i.SysCtlPeripheralReady)
    SysTickEnable                            0x00007579   Thumb Code    18  systick.o(i.SysTickEnable)
    SysTickInit                              0x0000758b   Thumb Code    30  hal_timer.o(i.SysTickInit)
    SysTickIntEnable                         0x000075a9   Thumb Code    18  systick.o(i.SysTickIntEnable)
    SysTickPeriodGet                         0x000075bb   Thumb Code    10  systick.o(i.SysTickPeriodGet)
    SysTickPeriodSet                         0x000075c5   Thumb Code    10  systick.o(i.SysTickPeriodSet)
    SysTickValueGet                          0x000075cf   Thumb Code     8  systick.o(i.SysTickValueGet)
    SysTick_Handler                          0x000075d9   Thumb Code    18  hal_timer.o(i.SysTick_Handler)
    SystemInit                               0x000075f1   Thumb Code   112  system_tm4c123.o(i.SystemInit)
    TIMER0B_Handler                          0x00007689   Thumb Code    18  hal_timer.o(i.TIMER0B_Handler)
    TIM_INIT                                 0x000076a1   Thumb Code    14  hal_timer.o(i.TIM_INIT)
    Thr_Ctrl                                 0x000076b1   Thumb Code   276  ctrl.o(i.Thr_Ctrl)
    Timer0BInit                              0x00007801   Thumb Code    62  hal_timer.o(i.Timer0BInit)
    TimerConfigure                           0x00007851   Thumb Code    84  timer.o(i.TimerConfigure)
    TimerEnable                              0x000078b1   Thumb Code    14  timer.o(i.TimerEnable)
    TimerIntClear                            0x000078bf   Thumb Code     4  timer.o(i.TimerIntClear)
    TimerIntDisable                          0x000078c3   Thumb Code     8  timer.o(i.TimerIntDisable)
    TimerIntEnable                           0x000078cb   Thumb Code     8  timer.o(i.TimerIntEnable)
    TimerLoadSet                             0x000078d3   Thumb Code    16  timer.o(i.TimerLoadSet)
    To_180_degrees                           0x000078e5   Thumb Code    58  mymath.o(i.To_180_degrees)
    TrackCtrlDef_Init                        0x0000792d   Thumb Code    62  tracking.o(i.TrackCtrlDef_Init)
    TrackingDuty                             0x0000797d   Thumb Code    26  tracking.o(i.TrackingDuty)
    Transform                                0x000079a1   Thumb Code    14  mpu6050.o(i.Transform)
    UART0_Handler                            0x000079b1   Thumb Code    44  usart.o(i.UART0_Handler)
    UART1Send                                0x000079e1   Thumb Code    28  usart.o(i.UART1Send)
    UART1_Handler                            0x00007a01   Thumb Code    36  usart.o(i.UART1_Handler)
    UART2_Handler                            0x00007a29   Thumb Code    40  usart.o(i.UART2_Handler)
    UART3SendBuf                             0x00007a59   Thumb Code    60  usart.o(i.UART3SendBuf)
    UART3_Handler                            0x00007aa5   Thumb Code    48  usart.o(i.UART3_Handler)
    UART7_Handler                            0x00007add   Thumb Code    30  usart.o(i.UART7_Handler)
    UARTCharGet                              0x00007b01   Thumb Code    18  uart.o(i.UARTCharGet)
    UARTCharPutNonBlocking                   0x00007b13   Thumb Code    20  uart.o(i.UARTCharPutNonBlocking)
    UARTCharsAvail                           0x00007b27   Thumb Code    12  uart.o(i.UARTCharsAvail)
    UARTConfigSetExpClk                      0x00007b33   Thumb Code    76  uart.o(i.UARTConfigSetExpClk)
    UARTDisable                              0x00007b7f   Thumb Code    32  uart.o(i.UARTDisable)
    UARTEnable                               0x00007b9f   Thumb Code    20  uart.o(i.UARTEnable)
    UARTFIFOLevelSet                         0x00007bb3   Thumb Code     8  uart.o(i.UARTFIFOLevelSet)
    UARTIntClear                             0x00007bbb   Thumb Code     4  uart.o(i.UARTIntClear)
    UARTIntEnable                            0x00007bbf   Thumb Code     8  uart.o(i.UARTIntEnable)
    UARTIntStatus                            0x00007bc7   Thumb Code    12  uart.o(i.UARTIntStatus)
    UARTSpaceAvail                           0x00007bd3   Thumb Code    12  uart.o(i.UARTSpaceAvail)
    Ultra_Ctrl                               0x00007be1   Thumb Code  1506  height_ctrl.o(i.Ultra_Ctrl)
    Ultra_Duty                               0x000081f1   Thumb Code    56  ultrasonic.o(i.Ultra_Duty)
    Ultra_Get                                0x00008231   Thumb Code    78  ultrasonic.o(i.Ultra_Get)
    Ultra_PID_Init                           0x00008299   Thumb Code    28  height_ctrl.o(i.Ultra_PID_Init)
    Ultrasonic_Init                          0x000082bd   Thumb Code    24  ultrasonic.o(i.Ultrasonic_Init)
    WTIMER2A_Handler                         0x000082d5   Thumb Code   106  hal_pwm_in.o(i.WTIMER2A_Handler)
    WTIMER2B_Handler                         0x00008355   Thumb Code   112  hal_pwm_in.o(i.WTIMER2B_Handler)
    WTIMER3A_Handler                         0x000083d9   Thumb Code   106  hal_pwm_in.o(i.WTIMER3A_Handler)
    WTIMER3B_Handler                         0x00008459   Thumb Code   112  hal_pwm_in.o(i.WTIMER3B_Handler)
    WZ_Speed_PID_Init                        0x000084dd   Thumb Code    62  height_ctrl.o(i.WZ_Speed_PID_Init)
    __ARM_fpclassify                         0x00008531   Thumb Code    48  fpclassify.o(i.__ARM_fpclassify)
    __hardfp_asin                            0x00008561   Thumb Code   770  asin.o(i.__hardfp_asin)
    __kernel_poly                            0x000088c1   Thumb Code   248  poly.o(i.__kernel_poly)
    __mathlib_dbl_infnan                     0x000089b9   Thumb Code    20  dunder.o(i.__mathlib_dbl_infnan)
    __mathlib_dbl_invalid                    0x000089d1   Thumb Code    24  dunder.o(i.__mathlib_dbl_invalid)
    __mathlib_dbl_underflow                  0x000089f1   Thumb Code    24  dunder.o(i.__mathlib_dbl_underflow)
    _sys_exit                                0x00008a11   Thumb Code     6  usart.o(i._sys_exit)
    clust2sect                               0x00008af5   Thumb Code    26  ff.o(i.clust2sect)
    disk_initialize                          0x00009039   Thumb Code    34  diskio.o(i.disk_initialize)
    disk_ioctl                               0x00009061   Thumb Code    60  diskio.o(i.disk_ioctl)
    disk_read                                0x000090a1   Thumb Code    56  diskio.o(i.disk_read)
    disk_status                              0x000090dd   Thumb Code    24  diskio.o(i.disk_status)
    disk_write                               0x000090f9   Thumb Code    56  diskio.o(i.disk_write)
    f_close                                  0x00009135   Thumb Code    32  ff.o(i.f_close)
    f_mkfs                                   0x00009155   Thumb Code  1622  ff.o(i.f_mkfs)
    f_mount                                  0x000097d9   Thumb Code    86  ff.o(i.f_mount)
    f_open                                   0x00009835   Thumb Code   356  ff.o(i.f_open)
    f_opendir                                0x00009999   Thumb Code   110  ff.o(i.f_opendir)
    f_read                                   0x00009a07   Thumb Code   482  ff.o(i.f_read)
    f_sync                                   0x00009be9   Thumb Code   176  ff.o(i.f_sync)
    f_write                                  0x00009c99   Thumb Code   540  ff.o(i.f_write)
    fabs                                     0x00009eb5   Thumb Code    24  fabs.o(i.fabs)
    fast_atan2                               0x00009ecd   Thumb Code   350  mymath.o(i.fast_atan2)
    get_fat                                  0x0000a4b1   Thumb Code   318  ff.o(i.get_fat)
    get_fattime                              0x0000a5ef   Thumb Code     4  diskio.o(i.get_fattime)
    height_speed_ctrl                        0x0000a63d   Thumb Code   850  height_ctrl.o(i.height_speed_ctrl)
    main                                     0x0000aa15   Thumb Code    54  main.o(i.main)
    my_abs                                   0x0000aae9   Thumb Code    26  mymath.o(i.my_abs)
    my_deathzoom                             0x0000ab05   Thumb Code    62  mymath.o(i.my_deathzoom)
    my_deathzoom_2                           0x0000ab49   Thumb Code    40  mymath.o(i.my_deathzoom_2)
    my_sqrt                                  0x0000ab75   Thumb Code    88  mymath.o(i.my_sqrt)
    put_fat                                  0x0000abd1   Thumb Code   392  ff.o(i.put_fat)
    sqrt                                     0x0000adc5   Thumb Code   110  sqrt.o(i.sqrt)
    sys_time                                 0x0000af5d   Thumb Code   126  hal_timer.o(i.sys_time)
    timer_ISR                                0x0000aff1   Thumb Code    62  usart.o(i.timer_ISR)
    uart0_init                               0x0000b049   Thumb Code    74  usart.o(i.uart0_init)
    uart1_init                               0x0000b0a1   Thumb Code    70  usart.o(i.uart1_init)
    uart2_init                               0x0000b101   Thumb Code    92  usart.o(i.uart2_init)
    uart3_init                               0x0000b175   Thumb Code    92  usart.o(i.uart3_init)
    uart7_init                               0x0000b1e9   Thumb Code    92  usart.o(i.uart7_init)
    __aeabi_dneg                             0x0000b293   Thumb Code     0  basic.o(x$fpl$basic)
    _dneg                                    0x0000b293   Thumb Code     6  basic.o(x$fpl$basic)
    __aeabi_fneg                             0x0000b299   Thumb Code     0  basic.o(x$fpl$basic)
    _fneg                                    0x0000b299   Thumb Code     6  basic.o(x$fpl$basic)
    _dabs                                    0x0000b29f   Thumb Code     6  basic.o(x$fpl$basic)
    _fabs                                    0x0000b2a5   Thumb Code     6  basic.o(x$fpl$basic)
    __aeabi_d2f                              0x0000b2ad   Thumb Code     0  d2f.o(x$fpl$d2f)
    _d2f                                     0x0000b2ad   Thumb Code    98  d2f.o(x$fpl$d2f)
    __aeabi_dadd                             0x0000b311   Thumb Code     0  daddsub_clz.o(x$fpl$dadd)
    _dadd                                    0x0000b311   Thumb Code   332  daddsub_clz.o(x$fpl$dadd)
    __aeabi_ddiv                             0x0000b461   Thumb Code     0  ddiv.o(x$fpl$ddiv)
    _ddiv                                    0x0000b461   Thumb Code   552  ddiv.o(x$fpl$ddiv)
    __aeabi_i2d                              0x0000b711   Thumb Code     0  dflt_clz.o(x$fpl$dflt)
    _dflt                                    0x0000b711   Thumb Code    46  dflt_clz.o(x$fpl$dflt)
    __aeabi_dmul                             0x0000b741   Thumb Code     0  dmul.o(x$fpl$dmul)
    _dmul                                    0x0000b741   Thumb Code   332  dmul.o(x$fpl$dmul)
    __fpl_dnaninf                            0x0000b895   Thumb Code   156  dnaninf.o(x$fpl$dnaninf)
    __fpl_dretinf                            0x0000b931   Thumb Code    12  dretinf.o(x$fpl$dretinf)
    __aeabi_drsub                            0x0000b93d   Thumb Code     0  daddsub_clz.o(x$fpl$drsb)
    _drsb                                    0x0000b93d   Thumb Code    22  daddsub_clz.o(x$fpl$drsb)
    _dsqrt                                   0x0000b955   Thumb Code   404  dsqrt_umaal.o(x$fpl$dsqrt)
    __aeabi_dsub                             0x0000baed   Thumb Code     0  daddsub_clz.o(x$fpl$dsub)
    _dsub                                    0x0000baed   Thumb Code   464  daddsub_clz.o(x$fpl$dsub)
    __aeabi_f2d                              0x0000bcc1   Thumb Code     0  f2d.o(x$fpl$f2d)
    _f2d                                     0x0000bcc1   Thumb Code    86  f2d.o(x$fpl$f2d)
    __fpl_fnaninf                            0x0000bd17   Thumb Code   140  fnaninf.o(x$fpl$fnaninf)
    _fp_init                                 0x0000bda3   Thumb Code    10  fpinit.o(x$fpl$fpinit)
    __fplib_config_fpu_vfp                   0x0000bdab   Thumb Code     0  fpinit.o(x$fpl$fpinit)
    __fplib_config_pureend_doubles           0x0000bdab   Thumb Code     0  fpinit.o(x$fpl$fpinit)
    __fpl_fretinf                            0x0000bdad   Thumb Code    10  fretinf.o(x$fpl$fretinf)
    __I$use$fp                               0x0000bdb6   Number         0  usenofp.o(x$fpl$usenofp)
    Region$$Table$$Base                      0x0000c318   Number         0  anon$$obj.o(Region$$Table)
    Region$$Table$$Limit                     0x0000c338   Number         0  anon$$obj.o(Region$$Table)
    Init_Finish                              0x20000000   Data           1  main.o(.data)
    __stdout                                 0x20000004   Data           4  usart.o(.data)
    l                                        0x20000008   Data           4  usart.o(.data)
    TxCounter                                0x2000000c   Data           1  usart.o(.data)
    count                                    0x2000000d   Data           1  usart.o(.data)
    TI                                       0x2000000e   Data           1  usart.o(.data)
    k                                        0x20000010   Data           4  usart.o(.data)
    c                                        0x20000014   Data           4  hal_i2c.o(.data)
    err                                      0x20000018   Data           4  hal_i2c.o(.data)
    CH_out_Mapping                           0x2000001c   Data           4  hal_pwm.o(.data)
    sysTickUptime                            0x20000020   Data           4  hal_timer.o(.data)
    time_1h                                  0x20000024   Data           4  hal_timer.o(.data)
    time_1m                                  0x20000028   Data           4  hal_timer.o(.data)
    time_1s                                  0x2000002c   Data           4  hal_timer.o(.data)
    time_1ms                                 0x20000030   Data           4  hal_timer.o(.data)
    fast_atan_table                          0x20000044   Data        1028  mymath.o(.data)
    mpu6050_ok                               0x20000448   Data           1  mpu6050.o(.data)
    acc_sum_cnt                              0x2000044a   Data           2  mpu6050.o(.data)
    gyro_sum_cnt                             0x2000044c   Data           2  mpu6050.o(.data)
    filter_cnt                               0x2000044e   Data           1  mpu6050.o(.data)
    filter_cnt_old                           0x2000044f   Data           1  mpu6050.o(.data)
    test_ang                                 0x20000450   Data           4  mpu6050.o(.data)
    test_ang_old                             0x20000454   Data           4  mpu6050.o(.data)
    test_ang_d                               0x20000458   Data           4  mpu6050.o(.data)
    test_fli_a                               0x2000045c   Data           4  mpu6050.o(.data)
    test_i                                   0x20000460   Data           4  mpu6050.o(.data)
    ak8975                                   0x20000464   Data          44  ak8975.o(.data)
    ak8975_ok                                0x20000490   Data           1  ak8975.o(.data)
    Mag_CALIBRATED                           0x20000491   Data           1  ak8975.o(.data)
    LED_Brightness                           0x200004ae   Data           4  led.o(.data)
    LED_status                               0x200004b2   Data           2  led.o(.data)
    ultra_start_f                            0x200004bc   Data           1  ultrasonic.o(.data)
    ultra_time                               0x200004bd   Data           1  ultrasonic.o(.data)
    ultra_ok                                 0x200004be   Data           1  ultrasonic.o(.data)
    ultra_distance                           0x200004c0   Data           2  ultrasonic.o(.data)
    ultra_distance_old                       0x200004c2   Data           2  ultrasonic.o(.data)
    ultra_delta                              0x200004c4   Data           2  ultrasonic.o(.data)
    baroAlt                                  0x200004c8   Data           4  ms5611.o(.data)
    baroAltOld                               0x200004cc   Data           4  ms5611.o(.data)
    baro_alt_speed                           0x200004d0   Data           4  ms5611.o(.data)
    baro_Offset                              0x200004d4   Data           4  ms5611.o(.data)
    ms5611_ut                                0x200004d8   Data           4  ms5611.o(.data)
    ms5611_up                                0x200004dc   Data           4  ms5611.o(.data)
    t_rxbuf                                  0x200004e0   Data           3  ms5611.o(.data)
    p_rxbuf                                  0x200004e3   Data           3  ms5611.o(.data)
    ms5611_ok                                0x200004e6   Data           1  ms5611.o(.data)
    temperature_5611                         0x200004e8   Data           4  ms5611.o(.data)
    CH_in_Mapping                            0x200004f4   Data           8  rc.o(.data)
    NS                                       0x200004fc   Data           1  rc.o(.data)
    CH_Error                                 0x200004fd   Data           8  rc.o(.data)
    NS_cnt                                   0x20000506   Data           2  rc.o(.data)
    MAX_CH                                   0x20000508   Data          16  rc.o(.data)
    MIN_CH                                   0x20000518   Data          16  rc.o(.data)
    CH_DIR                                   0x20000528   Data           8  rc.o(.data)
    filter_A                                 0x20000530   Data           4  rc.o(.data)
    fly_ready                                0x20000534   Data           1  rc.o(.data)
    ready_cnt                                0x20000536   Data           2  rc.o(.data)
    height_ctrl_mode                         0x20000538   Data           1  rc.o(.data)
    flash_init_error                         0x20000539   Data           1  parameter.o(.data)
    Roll                                     0x2000054c   Data           4  imu.o(.data)
    Pitch                                    0x20000550   Data           4  imu.o(.data)
    Yaw                                      0x20000554   Data           4  imu.o(.data)
    ref_q                                    0x20000558   Data          16  imu.o(.data)
    norm_acc                                 0x20000568   Data           4  imu.o(.data)
    norm_q                                   0x2000056c   Data           4  imu.o(.data)
    norm_acc_lpf                             0x20000570   Data           4  imu.o(.data)
    RPYCALIBRATE                             0x20000574   Data           1  imu.o(.data)
    thr_value                                0x2000058c   Data           4  ctrl.o(.data)
    Thr_Low                                  0x20000590   Data           1  ctrl.o(.data)
    Thr_Weight                               0x20000594   Data           4  ctrl.o(.data)
    TH                                       0x20000598   Data           4  ctrl.o(.data)
    med_filter_out                           0x200005a4   Data           8  filter.o(.data)
    med_fil_cnt                              0x200005ac   Data           2  filter.o(.data)
    loop_cnt                                 0x200005b8   Data           2  scheduler.o(.data)
    h                                        0x200005bc   Data           4  scheduler.o(.data)
    baro_speed                               0x200005c0   Data           4  height_ctrl.o(.data)
    height_ctrl_out                          0x200005c4   Data           4  height_ctrl.o(.data)
    wz_acc                                   0x200005c8   Data           4  height_ctrl.o(.data)
    baro_cnt                                 0x200005cc   Data           4  height_ctrl.o(.data)
    wz_speed                                 0x200005d0   Data           4  height_ctrl.o(.data)
    wz_speed_old                             0x200005d4   Data           4  height_ctrl.o(.data)
    wz_acc_mms2                              0x200005d8   Data           4  height_ctrl.o(.data)
    baro_ctrl_start                          0x200005dc   Data           1  height_ctrl.o(.data)
    baro_height                              0x200005e0   Data           4  height_ctrl.o(.data)
    baro_height_old                          0x200005e4   Data           4  height_ctrl.o(.data)
    baro_measure                             0x200005e8   Data           4  height_ctrl.o(.data)
    MAX_HEIGHT                               0x200005ec   Data           4  height_ctrl.o(.data)
    exp_height_speed                         0x200005f0   Data           4  height_ctrl.o(.data)
    exp_height                               0x200005f4   Data           4  height_ctrl.o(.data)
    ultra_speed                              0x200005f8   Data           4  height_ctrl.o(.data)
    ultra_dis_lpf                            0x200005fc   Data           4  height_ctrl.o(.data)
    ultra_ctrl_out                           0x20000600   Data           4  height_ctrl.o(.data)
    flash_save_en_cnt                        0x20000624   Data           2  data_transfer.o(.data)
    fly_state                                0x20000634   Data           4  autofly.o(.data)
    auto_time                                0x20000638   Data           1  autofly.o(.data)
    CameraOk                                 0x20000640   Data           1  tracking.o(.data)
    CircleFlag                               0x20000641   Data           1  tracking.o(.data)
    Rx1Buffer                                0x20000642   Data           1  tracking.o(.data)
    Rx1BufferOld                             0x20000643   Data           1  tracking.o(.data)
    CameraCnt                                0x20000644   Data           1  tracking.o(.data)
    TxBuffer                                 0x20000648   Data         256  usart.o(.bss)
    Cycle_T                                  0x20000748   Data          60  hal_timer.o(.bss)
    Rc_Pwm_In                                0x20000784   Data          16  hal_pwm_in.o(.bss)
    Pwm_In                                   0x20000794   Data          32  hal_pwm_in.o(.bss)
    mpu6050                                  0x200007b4   Data         128  mpu6050.o(.bss)
    mpu6050_buffer                           0x20000834   Data          14  mpu6050.o(.bss)
    sum_temp                                 0x20000844   Data          28  mpu6050.o(.bss)
    FILT_BUF                                 0x20000860   Data         154  mpu6050.o(.bss)
    mpu6050_tmp                              0x200008fc   Data          28  mpu6050.o(.bss)
    mpu_fil_tmp                              0x20000918   Data          28  mpu6050.o(.bss)
    ms5611_prom                              0x20000940   Data          16  ms5611.o(.bss)
    CH                                       0x20000950   Data          16  rc.o(.bss)
    CH_Old                                   0x20000960   Data          32  rc.o(.bss)
    CH_filter                                0x20000980   Data          32  rc.o(.bss)
    CH_filter_Old                            0x200009a0   Data          32  rc.o(.bss)
    CH_filter_D                              0x200009c0   Data          32  rc.o(.bss)
    CLR_CH_Error                             0x200009e0   Data          16  rc.o(.bss)
    sensor_setup                             0x20000a00   Data          64  parameter.o(.bss)
    pid_setup                                0x20000a40   Data         192  parameter.o(.bss)
    reference_v                              0x20002b80   Data          12  imu.o(.bss)
    ref                                      0x20002b8c   Data          60  imu.o(.bss)
    Gravity_Vec                              0x20002bc8   Data          12  imu.o(.bss)
    offset                                   0x20002bd4   Data          12  imu.o(.bss)
    sum                                      0x20002be0   Data          12  imu.o(.bss)
    ctrl_1                                   0x20002bec   Data         196  ctrl.o(.bss)
    ctrl_2                                   0x20002cb0   Data         196  ctrl.o(.bss)
    except_A                                 0x20002d74   Data          12  ctrl.o(.bss)
    ctrl_angle_offset                        0x20002d80   Data          12  ctrl.o(.bss)
    compensation                             0x20002d8c   Data          12  ctrl.o(.bss)
    except_AS                                0x20002d98   Data          12  ctrl.o(.bss)
    g_old                                    0x20002da4   Data          28  ctrl.o(.bss)
    motor                                    0x20002dc0   Data          16  ctrl.o(.bss)
    posture_value                            0x20002dd0   Data          16  ctrl.o(.bss)
    curve                                    0x20002de0   Data          16  ctrl.o(.bss)
    med_filter_tmp                           0x20002df0   Data          88  filter.o(.bss)
    loop                                     0x20002e48   Data          16  scheduler.o(.bss)
    test                                     0x20002e58   Data          20  scheduler.o(.bss)
    wz_speed_pid_v                           0x20002e6c   Data          20  height_ctrl.o(.bss)
    wz_speed_pid                             0x20002e80   Data          12  height_ctrl.o(.bss)
    baro_speed_arr                           0x20002e8c   Data         404  height_ctrl.o(.bss)
    ultra_ctrl                               0x20003020   Data          20  height_ctrl.o(.bss)
    ultra_pid                                0x20003034   Data          12  height_ctrl.o(.bss)
    f                                        0x20003040   Data          17  data_transfer.o(.bss)
    data_to_send                             0x20003051   Data          50  data_transfer.o(.bss)
    RX_CH                                    0x20003084   Data          16  data_transfer.o(.bss)
    TrackCtrl                                0x200030c8   Data          36  tracking.o(.bss)
    __libspace_start                         0x200030ec   Data          96  libspace.o(.bss)
    __temporary_stack_top$libspace           0x2000314c   Data           0  libspace.o(.bss)



==============================================================================

Memory Map of the image

  Image Entry point : 0x0000026d

  Load Region LR_IROM1 (Base: 0x00000000, Size: 0x0000c980, Max: 0x00040000, ABSOLUTE, COMPRESSED[0x0000c794])

    Execution Region ER_IROM1 (Base: 0x00000000, Size: 0x0000c338, Max: 0x00040000, ABSOLUTE)

    Base Addr    Size         Type   Attr      Idx    E Section Name        Object

    0x00000000   0x0000026c   Data   RO         3822    RESET               startup_tm4c123.o
    0x0000026c   0x00000008   Code   RO         4039  * !!!main             c_w.l(__main.o)
    0x00000274   0x00000034   Code   RO         4293    !!!scatter          c_w.l(__scatter.o)
    0x000002a8   0x0000005a   Code   RO         4291    !!dczerorl2         c_w.l(__dczerorl2.o)
    0x00000302   0x00000002   PAD
    0x00000304   0x0000001c   Code   RO         4295    !!handler_zi        c_w.l(__scatter_zi.o)
    0x00000320   0x00000002   Code   RO         4169    .ARM.Collect$$libinit$$00000000  c_w.l(libinit.o)
    0x00000322   0x00000004   Code   RO         4172    .ARM.Collect$$libinit$$00000001  c_w.l(libinit2.o)
    0x00000326   0x00000000   Code   RO         4175    .ARM.Collect$$libinit$$00000004  c_w.l(libinit2.o)
    0x00000326   0x00000000   Code   RO         4178    .ARM.Collect$$libinit$$0000000A  c_w.l(libinit2.o)
    0x00000326   0x00000000   Code   RO         4180    .ARM.Collect$$libinit$$0000000C  c_w.l(libinit2.o)
    0x00000326   0x00000000   Code   RO         4182    .ARM.Collect$$libinit$$0000000E  c_w.l(libinit2.o)
    0x00000326   0x00000000   Code   RO         4185    .ARM.Collect$$libinit$$00000011  c_w.l(libinit2.o)
    0x00000326   0x00000000   Code   RO         4187    .ARM.Collect$$libinit$$00000013  c_w.l(libinit2.o)
    0x00000326   0x00000000   Code   RO         4189    .ARM.Collect$$libinit$$00000015  c_w.l(libinit2.o)
    0x00000326   0x00000000   Code   RO         4191    .ARM.Collect$$libinit$$00000017  c_w.l(libinit2.o)
    0x00000326   0x00000000   Code   RO         4193    .ARM.Collect$$libinit$$00000019  c_w.l(libinit2.o)
    0x00000326   0x00000000   Code   RO         4195    .ARM.Collect$$libinit$$0000001B  c_w.l(libinit2.o)
    0x00000326   0x00000000   Code   RO         4197    .ARM.Collect$$libinit$$0000001D  c_w.l(libinit2.o)
    0x00000326   0x00000000   Code   RO         4199    .ARM.Collect$$libinit$$0000001F  c_w.l(libinit2.o)
    0x00000326   0x00000000   Code   RO         4201    .ARM.Collect$$libinit$$00000021  c_w.l(libinit2.o)
    0x00000326   0x00000000   Code   RO         4203    .ARM.Collect$$libinit$$00000023  c_w.l(libinit2.o)
    0x00000326   0x00000000   Code   RO         4205    .ARM.Collect$$libinit$$00000025  c_w.l(libinit2.o)
    0x00000326   0x00000000   Code   RO         4209    .ARM.Collect$$libinit$$0000002C  c_w.l(libinit2.o)
    0x00000326   0x00000000   Code   RO         4211    .ARM.Collect$$libinit$$0000002E  c_w.l(libinit2.o)
    0x00000326   0x00000000   Code   RO         4213    .ARM.Collect$$libinit$$00000030  c_w.l(libinit2.o)
    0x00000326   0x00000000   Code   RO         4215    .ARM.Collect$$libinit$$00000032  c_w.l(libinit2.o)
    0x00000326   0x00000002   Code   RO         4216    .ARM.Collect$$libinit$$00000033  c_w.l(libinit2.o)
    0x00000328   0x00000002   Code   RO         4234    .ARM.Collect$$libshutdown$$00000000  c_w.l(libshutdown.o)
    0x0000032a   0x00000000   Code   RO         4245    .ARM.Collect$$libshutdown$$00000003  c_w.l(libshutdown2.o)
    0x0000032a   0x00000000   Code   RO         4248    .ARM.Collect$$libshutdown$$00000006  c_w.l(libshutdown2.o)
    0x0000032a   0x00000000   Code   RO         4251    .ARM.Collect$$libshutdown$$00000009  c_w.l(libshutdown2.o)
    0x0000032a   0x00000000   Code   RO         4253    .ARM.Collect$$libshutdown$$0000000B  c_w.l(libshutdown2.o)
    0x0000032a   0x00000000   Code   RO         4256    .ARM.Collect$$libshutdown$$0000000E  c_w.l(libshutdown2.o)
    0x0000032a   0x00000002   Code   RO         4257    .ARM.Collect$$libshutdown$$0000000F  c_w.l(libshutdown2.o)
    0x0000032c   0x00000000   Code   RO         4083    .ARM.Collect$$rtentry$$00000000  c_w.l(__rtentry.o)
    0x0000032c   0x00000000   Code   RO         4136    .ARM.Collect$$rtentry$$00000002  c_w.l(__rtentry2.o)
    0x0000032c   0x00000006   Code   RO         4148    .ARM.Collect$$rtentry$$00000004  c_w.l(__rtentry4.o)
    0x00000332   0x00000000   Code   RO         4138    .ARM.Collect$$rtentry$$00000009  c_w.l(__rtentry2.o)
    0x00000332   0x00000004   Code   RO         4139    .ARM.Collect$$rtentry$$0000000A  c_w.l(__rtentry2.o)
    0x00000336   0x00000000   Code   RO         4141    .ARM.Collect$$rtentry$$0000000C  c_w.l(__rtentry2.o)
    0x00000336   0x00000008   Code   RO         4142    .ARM.Collect$$rtentry$$0000000D  c_w.l(__rtentry2.o)
    0x0000033e   0x00000002   Code   RO         4170    .ARM.Collect$$rtexit$$00000000  c_w.l(rtexit.o)
    0x00000340   0x00000000   Code   RO         4218    .ARM.Collect$$rtexit$$00000002  c_w.l(rtexit2.o)
    0x00000340   0x00000004   Code   RO         4219    .ARM.Collect$$rtexit$$00000003  c_w.l(rtexit2.o)
    0x00000344   0x00000006   Code   RO         4220    .ARM.Collect$$rtexit$$00000004  c_w.l(rtexit2.o)
    0x0000034a   0x00000002   PAD
    0x0000034c   0x00000006   Code   RO          450    .emb_text           sysctl.o
    0x00000352   0x00000002   PAD
    0x00000354   0x00000026   Code   RO         3887    .emb_text           driverlib.lib(cpu.o)
    0x0000037a   0x00000002   PAD
    0x0000037c   0x00000114   Code   RO         3823    .text               startup_tm4c123.o
    0x00000490   0x00000002   Code   RO         4033    .text               c_w.l(use_no_semi_2.o)
    0x00000492   0x0000004e   Code   RO         4035    .text               c_w.l(rt_memclr_w.o)
    0x000004e0   0x00000006   Code   RO         4037    .text               c_w.l(heapauxi.o)
    0x000004e6   0x00000002   Code   RO         4081    .text               c_w.l(use_no_semi.o)
    0x000004e8   0x00000016   Code   RO         4084    .text               c_w.l(_rserrno.o)
    0x000004fe   0x00000002   PAD
    0x00000500   0x00000008   Code   RO         4153    .text               c_w.l(rt_errno_addr_intlibspace.o)
    0x00000508   0x00000008   Code   RO         4157    .text               c_w.l(libspace.o)
    0x00000510   0x0000004a   Code   RO         4160    .text               c_w.l(sys_stackheap_outer.o)
    0x0000055a   0x0000000c   Code   RO         4162    .text               c_w.l(exit.o)
    0x00000566   0x00000002   PAD
    0x00000568   0x00000320   Code   RO         2554    i.ANO_AK8975_CalOffset_Mag  ak8975.o
    0x00000888   0x00000008   Code   RO         2556    i.ANO_AK8975_Read   ak8975.o
    0x00000890   0x00000100   Code   RO         2557    i.ANO_AK8975_Read_Mag_Data  ak8975.o
    0x00000990   0x0000001c   Code   RO         2558    i.ANO_AK8975_Run    ak8975.o
    0x000009ac   0x0000058c   Code   RO         3607    i.ANO_DT_Data_Exchange  data_transfer.o
    0x00000f38   0x00000adc   Code   RO         3608    i.ANO_DT_Data_Receive_Anl  data_transfer.o
    0x00001a14   0x000000e8   Code   RO         3609    i.ANO_DT_Data_Receive_Prepare  data_transfer.o
    0x00001afc   0x00000048   Code   RO         3610    i.ANO_DT_Send_Check  data_transfer.o
    0x00001b44   0x00000014   Code   RO         3611    i.ANO_DT_Send_Data  data_transfer.o
    0x00001b58   0x0000012c   Code   RO         3612    i.ANO_DT_Send_Location  data_transfer.o
    0x00001c84   0x0000012c   Code   RO         3613    i.ANO_DT_Send_MotoPWM  data_transfer.o
    0x00001db0   0x0000023c   Code   RO         3614    i.ANO_DT_Send_PID   data_transfer.o
    0x00001fec   0x00000094   Code   RO         3615    i.ANO_DT_Send_Power  data_transfer.o
    0x00002080   0x00000164   Code   RO         3616    i.ANO_DT_Send_RCData  data_transfer.o
    0x000021e4   0x0000019c   Code   RO         3617    i.ANO_DT_Send_Senser  data_transfer.o
    0x00002380   0x000000a0   Code   RO         3618    i.ANO_DT_Send_Senser2  data_transfer.o
    0x00002420   0x000000fc   Code   RO         3619    i.ANO_DT_Send_Speed  data_transfer.o
    0x0000251c   0x00000158   Code   RO         3620    i.ANO_DT_Send_Status  data_transfer.o
    0x00002674   0x000000f0   Code   RO         3621    i.ANO_DT_Send_User  data_transfer.o
    0x00002764   0x000000c8   Code   RO         3622    i.ANO_DT_Send_Version  data_transfer.o
    0x0000282c   0x000000a4   Code   RO         3580    i.All_Init          init.o
    0x000028d0   0x000003bc   Code   RO         3368    i.All_Out           ctrl.o
    0x00002c8c   0x00000044   Code   RO         3747    i.AutoFlyDuty       autofly.o
    0x00002cd0   0x00000098   Code   RO         3531    i.Baro_Ctrl         height_ctrl.o
    0x00002d68   0x00000130   Code   RO         3595    i.BluetoothResive   bluetooth.o
    0x00002e98   0x00000020   Code   RO         2770    i.CH_Mapping_Fun    rc.o
    0x00002eb8   0x00000718   Code   RO         3369    i.CTRL_1            ctrl.o
    0x000035d0   0x000005e4   Code   RO         3370    i.CTRL_2            ctrl.o
    0x00003bb4   0x0000002c   Code   RO         3371    i.Ctrl_Para_Init    ctrl.o
    0x00003be0   0x00000016   Code   RO         2202    i.Cycle_Time_Init   hal_timer.o
    0x00003bf6   0x0000001c   Code   RO         2276    i.Delay_ms          delay.o
    0x00003c12   0x00000002   PAD
    0x00003c14   0x00000058   Code   RO         3749    i.Down              autofly.o
    0x00003c6c   0x00000070   Code   RO         3450    i.Duty_10ms         scheduler.o
    0x00003cdc   0x00000014   Code   RO         3451    i.Duty_1ms          scheduler.o
    0x00003cf0   0x00000002   Code   RO         3452    i.Duty_20ms         scheduler.o
    0x00003cf2   0x00000002   PAD
    0x00003cf4   0x00000074   Code   RO         3453    i.Duty_2ms          scheduler.o
    0x00003d68   0x00000016   Code   RO         3454    i.Duty_50ms         scheduler.o
    0x00003d7e   0x00000002   PAD
    0x00003d80   0x00000078   Code   RO         3455    i.Duty_5ms          scheduler.o
    0x00003df8   0x00000090   Code   RO         3456    i.Duty_Loop         scheduler.o
    0x00003e88   0x00000014   Code   RO         2771    i.Feed_Rc_Dog       rc.o
    0x00003e9c   0x00000008   Code   RO         2929    i.Flash_GetInfo     drv_w25qxx.o
    0x00003ea4   0x00000090   Code   RO         2930    i.Flash_Init        drv_w25qxx.o
    0x00003f34   0x0000003a   Code   RO         2931    i.Flash_PageRead    drv_w25qxx.o
    0x00003f6e   0x00000040   Code   RO         2932    i.Flash_PageWrite   drv_w25qxx.o
    0x00003fae   0x0000002e   Code   RO         2933    i.Flash_ReadID      drv_w25qxx.o
    0x00003fdc   0x0000002e   Code   RO         2934    i.Flash_SectorErase  drv_w25qxx.o
    0x0000400a   0x00000002   PAD
    0x0000400c   0x00000038   Code   RO         2935    i.Flash_SectorsRead  drv_w25qxx.o
    0x00004044   0x0000006c   Code   RO         2936    i.Flash_SectorsWrite  drv_w25qxx.o
    0x000040b0   0x00000006   Code   RO         2937    i.Flash_SendByte    drv_w25qxx.o
    0x000040b6   0x0000001e   Code   RO         2939    i.Flash_WaitForEnd  drv_w25qxx.o
    0x000040d4   0x0000000a   Code   RO         2941    i.Flash_WriteEnable  drv_w25qxx.o
    0x000040de   0x00000002   PAD
    0x000040e0   0x0000010c   Code   RO         2772    i.Fly_Ready         rc.o
    0x000041ec   0x00000032   Code   RO          148    i.GPIODirModeSet    gpio.o
    0x0000421e   0x00000156   Code   RO          158    i.GPIOPadConfigSet  gpio.o
    0x00004374   0x00000050   Code   RO          159    i.GPIOPinConfigure  gpio.o
    0x000043c4   0x0000000c   Code   RO          160    i.GPIOPinRead       gpio.o
    0x000043d0   0x0000001e   Code   RO          170    i.GPIOPinTypeGPIOOutput  gpio.o
    0x000043ee   0x0000001e   Code   RO          173    i.GPIOPinTypeI2C    gpio.o
    0x0000440c   0x0000001e   Code   RO          174    i.GPIOPinTypeI2CSCL  gpio.o
    0x0000442a   0x0000001e   Code   RO          177    i.GPIOPinTypePWM    gpio.o
    0x00004448   0x0000001e   Code   RO          182    i.GPIOPinTypeUART   gpio.o
    0x00004466   0x0000000a   Code   RO          188    i.GPIOPinWrite      gpio.o
    0x00004470   0x00000034   Code   RO         2204    i.GetSysTime_us     hal_timer.o
    0x000044a4   0x00000080   Code   RO         2205    i.Get_Cycle_T       hal_timer.o
    0x00004524   0x00000274   Code   RO         3532    i.Height_Ctrl       height_ctrl.o
    0x00004798   0x00000068   Code   RO         2142    i.I2C0Init          hal_i2c.o
    0x00004800   0x00000010   Code   RO         2143    i.I2C0_Handler      hal_i2c.o
    0x00004810   0x00000012   Code   RO          820    i.I2CMasterBusy     i2c.o
    0x00004822   0x00000004   Code   RO          821    i.I2CMasterControl  i2c.o
    0x00004826   0x00000006   Code   RO          822    i.I2CMasterDataGet  i2c.o
    0x0000482c   0x00000004   Code   RO          823    i.I2CMasterDataPut  i2c.o
    0x00004830   0x0000000a   Code   RO          825    i.I2CMasterEnable   i2c.o
    0x0000483a   0x0000001e   Code   RO          826    i.I2CMasterErr      i2c.o
    0x00004858   0x0000005c   Code   RO          828    i.I2CMasterInitExpClk  i2c.o
    0x000048b4   0x00000006   Code   RO          833    i.I2CMasterIntEnable  i2c.o
    0x000048ba   0x00000008   Code   RO          834    i.I2CMasterIntEnableEx  i2c.o
    0x000048c2   0x00000008   Code   RO          838    i.I2CMasterSlaveAddrSet  i2c.o
    0x000048ca   0x00000002   PAD
    0x000048cc   0x00000144   Code   RO         2144    i.I2CReadToBuf      hal_i2c.o
    0x00004a10   0x000000b0   Code   RO         2145    i.I2CWriteToReg     hal_i2c.o
    0x00004ac0   0x00000054   Code   RO         2437    i.IICwriteBit       mpu6050.o
    0x00004b14   0x00000066   Code   RO         2438    i.IICwriteBits      mpu6050.o
    0x00004b7a   0x00000002   PAD
    0x00004b7c   0x00000870   Code   RO         3342    i.IMUupdate         imu.o
    0x000053ec   0x00000064   Code   RO         3904    i.IntEnable         driverlib.lib(interrupt.o)
    0x00005450   0x0000000e   Code   RO         3907    i.IntMasterEnable   driverlib.lib(interrupt.o)
    0x0000545e   0x00000002   PAD
    0x00005460   0x000000a8   Code   RO         2604    i.LED_Display       led.o
    0x00005508   0x0000026c   Code   RO         2605    i.LED_Duty          led.o
    0x00005774   0x00000024   Code   RO         2606    i.LED_Init          led.o
    0x00005798   0x0000004c   Code   RO         2607    i.LED_MPU_Err       led.o
    0x000057e4   0x00000068   Code   RO         2609    i.LED_Mag_Err       led.o
    0x0000584c   0x0000005c   Code   RO         3457    i.Loop_check        scheduler.o
    0x000058a8   0x000000e0   Code   RO         2439    i.MPU6050_Data_Offset  mpu6050.o
    0x00005988   0x0000049c   Code   RO         2440    i.MPU6050_Data_Prepare  mpu6050.o
    0x00005e24   0x000000c6   Code   RO         2442    i.MPU6050_Init      mpu6050.o
    0x00005eea   0x00000002   PAD
    0x00005eec   0x00000014   Code   RO         2443    i.MPU6050_Read      mpu6050.o
    0x00005f00   0x00000014   Code   RO         2444    i.MPU6050_setClockSource  mpu6050.o
    0x00005f14   0x00000014   Code   RO         2445    i.MPU6050_setDLPF   mpu6050.o
    0x00005f28   0x00000024   Code   RO         2446    i.MPU6050_setFullScaleAccelRange  mpu6050.o
    0x00005f4c   0x00000024   Code   RO         2447    i.MPU6050_setFullScaleGyroRange  mpu6050.o
    0x00005f70   0x00000012   Code   RO         2448    i.MPU6050_setI2CBypassEnabled  mpu6050.o
    0x00005f82   0x00000012   Code   RO         2449    i.MPU6050_setI2CMasterModeEnabled  mpu6050.o
    0x00005f94   0x00000012   Code   RO         2450    i.MPU6050_setSleepEnabled  mpu6050.o
    0x00005fa6   0x00000020   Code   RO         2451    i.MPU6050_set_SMPLRT_DIV  mpu6050.o
    0x00005fc6   0x00000002   PAD
    0x00005fc8   0x000002e4   Code   RO         2690    i.MS5611_BaroAltCalculate  ms5611.o
    0x000062ac   0x0000002c   Code   RO         2692    i.MS5611_Init       ms5611.o
    0x000062d8   0x00000014   Code   RO         2693    i.MS5611_Read_Adc_P  ms5611.o
    0x000062ec   0x00000014   Code   RO         2694    i.MS5611_Read_Adc_T  ms5611.o
    0x00006300   0x0000004c   Code   RO         2695    i.MS5611_Read_Prom  ms5611.o
    0x0000634c   0x00000014   Code   RO         2696    i.MS5611_Reset      ms5611.o
    0x00006360   0x00000014   Code   RO         2697    i.MS5611_Start_P    ms5611.o
    0x00006374   0x00000014   Code   RO         2698    i.MS5611_Start_T    ms5611.o
    0x00006388   0x00000034   Code   RO         2699    i.MS5611_Update     ms5611.o
    0x000063bc   0x0000005e   Code   RO         3419    i.Moving_Average    filter.o
    0x0000641a   0x00000002   PAD
    0x0000641c   0x000000f8   Code   RO         3420    i.Moving_Median     filter.o
    0x00006514   0x00000010   Code   RO         2815    i.PID_Para_Init     parameter.o
    0x00006524   0x00000030   Code   RO         1157    i.PWMGenConfigure   pwm.o
    0x00006554   0x0000000a   Code   RO         1159    i.PWMGenEnable      pwm.o
    0x0000655e   0x00000016   Code   RO         1172    i.PWMGenPeriodSet   pwm.o
    0x00006574   0x0000010c   Code   RO         2176    i.PWMInit           hal_pwm.o
    0x00006680   0x00000014   Code   RO         1179    i.PWMOutputState    pwm.o
    0x00006694   0x00000026   Code   RO         1182    i.PWMPulseWidthSet  pwm.o
    0x000066ba   0x00000002   PAD
    0x000066bc   0x00000024   Code   RO         2816    i.Para_Init         parameter.o
    0x000066e0   0x00000138   Code   RO         2817    i.Para_ReadSettingFromFile  parameter.o
    0x00006818   0x00000144   Code   RO         2818    i.Para_ResetToFactorySetup  parameter.o
    0x0000695c   0x00000134   Code   RO         2819    i.Para_WriteSettingToFile  parameter.o
    0x00006a90   0x000000d4   Code   RO         2825    i.Param_SetSettingToFC  parameter.o
    0x00006b64   0x0000047c   Code   RO         2774    i.RC_Duty           rc.o
    0x00006fe0   0x000000c0   Code   RO         3343    i.RPYOffset         imu.o
    0x000070a0   0x00000068   Code   RO         3783    i.ResiveCameraData  tracking.o
    0x00007108   0x000000b4   Code   RO         3750    i.Rise              autofly.o
    0x000071bc   0x000000b8   Code   RO         2177    i.SetPwm            hal_pwm.o
    0x00007274   0x0000016c   Code   RO          453    i.SysCtlClockGet    sysctl.o
    0x000073e0   0x0000012c   Code   RO          455    i.SysCtlClockSet    sysctl.o
    0x0000750c   0x00000034   Code   RO          484    i.SysCtlPeripheralEnable  sysctl.o
    0x00007540   0x00000038   Code   RO          488    i.SysCtlPeripheralReady  sysctl.o
    0x00007578   0x00000012   Code   RO         1936    i.SysTickEnable     systick.o
    0x0000758a   0x0000001e   Code   RO         2206    i.SysTickInit       hal_timer.o
    0x000075a8   0x00000012   Code   RO         1938    i.SysTickIntEnable  systick.o
    0x000075ba   0x0000000a   Code   RO         1941    i.SysTickPeriodGet  systick.o
    0x000075c4   0x0000000a   Code   RO         1942    i.SysTickPeriodSet  systick.o
    0x000075ce   0x00000008   Code   RO         1943    i.SysTickValueGet   systick.o
    0x000075d6   0x00000002   PAD
    0x000075d8   0x00000018   Code   RO         2207    i.SysTick_Handler   hal_timer.o
    0x000075f0   0x00000098   Code   RO         3831    i.SystemInit        system_tm4c123.o
    0x00007688   0x00000018   Code   RO         2208    i.TIMER0B_Handler   hal_timer.o
    0x000076a0   0x0000000e   Code   RO         2209    i.TIM_INIT          hal_timer.o
    0x000076ae   0x00000002   PAD
    0x000076b0   0x00000150   Code   RO         3372    i.Thr_Ctrl          ctrl.o
    0x00007800   0x00000050   Code   RO         2210    i.Timer0BInit       hal_timer.o
    0x00007850   0x00000060   Code   RO         1391    i.TimerConfigure    timer.o
    0x000078b0   0x0000000e   Code   RO         1400    i.TimerEnable       timer.o
    0x000078be   0x00000004   Code   RO         1401    i.TimerIntClear     timer.o
    0x000078c2   0x00000008   Code   RO         1402    i.TimerIntDisable   timer.o
    0x000078ca   0x00000008   Code   RO         1403    i.TimerIntEnable    timer.o
    0x000078d2   0x00000010   Code   RO         1409    i.TimerLoadSet      timer.o
    0x000078e2   0x00000002   PAD
    0x000078e4   0x00000048   Code   RO         2356    i.To_180_degrees    mymath.o
    0x0000792c   0x00000050   Code   RO         3784    i.TrackCtrlDef_Init  tracking.o
    0x0000797c   0x00000024   Code   RO         3785    i.TrackingDuty      tracking.o
    0x000079a0   0x0000000e   Code   RO         2452    i.Transform         mpu6050.o
    0x000079ae   0x00000002   PAD
    0x000079b0   0x00000030   Code   RO         1999    i.UART0_Handler     usart.o
    0x000079e0   0x00000020   Code   RO         2000    i.UART1Send         usart.o
    0x00007a00   0x00000028   Code   RO         2001    i.UART1_Handler     usart.o
    0x00007a28   0x00000030   Code   RO         2003    i.UART2_Handler     usart.o
    0x00007a58   0x0000004c   Code   RO         2004    i.UART3SendBuf      usart.o
    0x00007aa4   0x00000038   Code   RO         2005    i.UART3_Handler     usart.o
    0x00007adc   0x00000024   Code   RO         2007    i.UART7_Handler     usart.o
    0x00007b00   0x00000012   Code   RO         1640    i.UARTCharGet       uart.o
    0x00007b12   0x00000014   Code   RO         1643    i.UARTCharPutNonBlocking  uart.o
    0x00007b26   0x0000000c   Code   RO         1644    i.UARTCharsAvail    uart.o
    0x00007b32   0x0000004c   Code   RO         1648    i.UARTConfigSetExpClk  uart.o
    0x00007b7e   0x00000020   Code   RO         1651    i.UARTDisable       uart.o
    0x00007b9e   0x00000014   Code   RO         1653    i.UARTEnable        uart.o
    0x00007bb2   0x00000008   Code   RO         1658    i.UARTFIFOLevelSet  uart.o
    0x00007bba   0x00000004   Code   RO         1661    i.UARTIntClear      uart.o
    0x00007bbe   0x00000008   Code   RO         1663    i.UARTIntEnable     uart.o
    0x00007bc6   0x0000000c   Code   RO         1665    i.UARTIntStatus     uart.o
    0x00007bd2   0x0000000c   Code   RO         1678    i.UARTSpaceAvail    uart.o
    0x00007bde   0x00000002   PAD
    0x00007be0   0x00000610   Code   RO         3533    i.Ultra_Ctrl        height_ctrl.o
    0x000081f0   0x00000040   Code   RO         2660    i.Ultra_Duty        ultrasonic.o
    0x00008230   0x00000068   Code   RO         2661    i.Ultra_Get         ultrasonic.o
    0x00008298   0x00000024   Code   RO         3534    i.Ultra_PID_Init    height_ctrl.o
    0x000082bc   0x00000018   Code   RO         2662    i.Ultrasonic_Init   ultrasonic.o
    0x000082d4   0x00000080   Code   RO         2289    i.WTIMER2A_Handler  hal_pwm_in.o
    0x00008354   0x00000084   Code   RO         2290    i.WTIMER2B_Handler  hal_pwm_in.o
    0x000083d8   0x00000080   Code   RO         2291    i.WTIMER3A_Handler  hal_pwm_in.o
    0x00008458   0x00000084   Code   RO         2292    i.WTIMER3B_Handler  hal_pwm_in.o
    0x000084dc   0x00000054   Code   RO         3535    i.WZ_Speed_PID_Init  height_ctrl.o
    0x00008530   0x00000030   Code   RO         4119    i.__ARM_fpclassify  m_wm.l(fpclassify.o)
    0x00008560   0x00000360   Code   RO         4067    i.__hardfp_asin     m_wm.l(asin.o)
    0x000088c0   0x000000f8   Code   RO         4121    i.__kernel_poly     m_wm.l(poly.o)
    0x000089b8   0x00000014   Code   RO         4100    i.__mathlib_dbl_infnan  m_wm.l(dunder.o)
    0x000089cc   0x00000004   PAD
    0x000089d0   0x00000020   Code   RO         4102    i.__mathlib_dbl_invalid  m_wm.l(dunder.o)
    0x000089f0   0x00000020   Code   RO         4105    i.__mathlib_dbl_underflow  m_wm.l(dunder.o)
    0x00008a10   0x00000006   Code   RO         2008    i._sys_exit         usart.o
    0x00008a16   0x00000002   PAD
    0x00008a18   0x00000090   Code   RO         3012    i.check_fs          ff.o
    0x00008aa8   0x00000014   Code   RO         3013    i.chk_chr           ff.o
    0x00008abc   0x00000038   Code   RO         3014    i.clmt_clust        ff.o
    0x00008af4   0x0000001a   Code   RO         3015    i.clust2sect        ff.o
    0x00008b0e   0x000000d6   Code   RO         3016    i.create_chain      ff.o
    0x00008be4   0x00000160   Code   RO         3017    i.create_name       ff.o
    0x00008d44   0x0000005c   Code   RO         3018    i.dir_alloc         ff.o
    0x00008da0   0x0000005c   Code   RO         3019    i.dir_find          ff.o
    0x00008dfc   0x0000013a   Code   RO         3020    i.dir_next          ff.o
    0x00008f36   0x0000003a   Code   RO         3022    i.dir_register      ff.o
    0x00008f70   0x000000c8   Code   RO         3024    i.dir_sdi           ff.o
    0x00009038   0x00000028   Code   RO         3295    i.disk_initialize   diskio.o
    0x00009060   0x00000040   Code   RO         3296    i.disk_ioctl        diskio.o
    0x000090a0   0x0000003c   Code   RO         3297    i.disk_read         diskio.o
    0x000090dc   0x0000001c   Code   RO         3298    i.disk_status       diskio.o
    0x000090f8   0x0000003c   Code   RO         3299    i.disk_write        diskio.o
    0x00009134   0x00000020   Code   RO         3026    i.f_close           ff.o
    0x00009154   0x00000684   Code   RO         3031    i.f_mkfs            ff.o
    0x000097d8   0x0000005c   Code   RO         3032    i.f_mount           ff.o
    0x00009834   0x00000164   Code   RO         3033    i.f_open            ff.o
    0x00009998   0x0000006e   Code   RO         3034    i.f_opendir         ff.o
    0x00009a06   0x000001e2   Code   RO         3035    i.f_read            ff.o
    0x00009be8   0x000000b0   Code   RO         3039    i.f_sync            ff.o
    0x00009c98   0x0000021c   Code   RO         3043    i.f_write           ff.o
    0x00009eb4   0x00000018   Code   RO         4115    i.fabs              m_wm.l(fabs.o)
    0x00009ecc   0x0000017c   Code   RO         2357    i.fast_atan2        mymath.o
    0x0000a048   0x000003d8   Code   RO         3044    i.find_volume       ff.o
    0x0000a420   0x00000090   Code   RO         3045    i.follow_path       ff.o
    0x0000a4b0   0x0000013e   Code   RO         3046    i.get_fat           ff.o
    0x0000a5ee   0x00000004   Code   RO         3300    i.get_fattime       diskio.o
    0x0000a5f2   0x0000004a   Code   RO         3048    i.get_ldnumber      ff.o
    0x0000a63c   0x000003b8   Code   RO         3536    i.height_speed_ctrl  height_ctrl.o
    0x0000a9f4   0x00000020   Code   RO         3049    i.ld_clust          ff.o
    0x0000aa14   0x0000004c   Code   RO            1    i.main              main.o
    0x0000aa60   0x00000026   Code   RO         3050    i.mem_cmp           ff.o
    0x0000aa86   0x0000001a   Code   RO         3051    i.mem_cpy           ff.o
    0x0000aaa0   0x00000014   Code   RO         3052    i.mem_set           ff.o
    0x0000aab4   0x00000034   Code   RO         3053    i.move_window       ff.o
    0x0000aae8   0x0000001a   Code   RO         2359    i.my_abs            mymath.o
    0x0000ab02   0x00000002   PAD
    0x0000ab04   0x00000044   Code   RO         2362    i.my_deathzoom      mymath.o
    0x0000ab48   0x0000002c   Code   RO         2363    i.my_deathzoom_2    mymath.o
    0x0000ab74   0x0000005c   Code   RO         2367    i.my_sqrt           mymath.o
    0x0000abd0   0x00000188   Code   RO         3054    i.put_fat           ff.o
    0x0000ad58   0x0000006c   Code   RO         3055    i.remove_chain      ff.o
    0x0000adc4   0x0000006e   Code   RO         4125    i.sqrt              m_wm.l(sqrt.o)
    0x0000ae32   0x00000010   Code   RO         3056    i.st_clust          ff.o
    0x0000ae42   0x000000c8   Code   RO         3057    i.sync_fs           ff.o
    0x0000af0a   0x00000052   Code   RO         3058    i.sync_window       ff.o
    0x0000af5c   0x00000094   Code   RO         2211    i.sys_time          hal_timer.o
    0x0000aff0   0x00000058   Code   RO         2010    i.timer_ISR         usart.o
    0x0000b048   0x00000058   Code   RO         2011    i.uart0_init        usart.o
    0x0000b0a0   0x00000060   Code   RO         2012    i.uart1_init        usart.o
    0x0000b100   0x00000074   Code   RO         2013    i.uart2_init        usart.o
    0x0000b174   0x00000074   Code   RO         2014    i.uart3_init        usart.o
    0x0000b1e8   0x00000074   Code   RO         2015    i.uart7_init        usart.o
    0x0000b25c   0x00000036   Code   RO         3059    i.validate          ff.o
    0x0000b292   0x00000018   Code   RO         4086    x$fpl$basic         fz_wm.l(basic.o)
    0x0000b2aa   0x00000002   PAD
    0x0000b2ac   0x00000062   Code   RO         4041    x$fpl$d2f           fz_wm.l(d2f.o)
    0x0000b30e   0x00000002   PAD
    0x0000b310   0x00000150   Code   RO         4043    x$fpl$dadd          fz_wm.l(daddsub_clz.o)
    0x0000b460   0x000002b0   Code   RO         4050    x$fpl$ddiv          fz_wm.l(ddiv.o)
    0x0000b710   0x0000002e   Code   RO         4054    x$fpl$dflt          fz_wm.l(dflt_clz.o)
    0x0000b73e   0x00000002   PAD
    0x0000b740   0x00000154   Code   RO         4061    x$fpl$dmul          fz_wm.l(dmul.o)
    0x0000b894   0x0000009c   Code   RO         4090    x$fpl$dnaninf       fz_wm.l(dnaninf.o)
    0x0000b930   0x0000000c   Code   RO         4092    x$fpl$dretinf       fz_wm.l(dretinf.o)
    0x0000b93c   0x00000016   Code   RO         4044    x$fpl$drsb          fz_wm.l(daddsub_clz.o)
    0x0000b952   0x00000002   PAD
    0x0000b954   0x00000198   Code   RO         4155    x$fpl$dsqrt         fz_wm.l(dsqrt_umaal.o)
    0x0000baec   0x000001d4   Code   RO         4045    x$fpl$dsub          fz_wm.l(daddsub_clz.o)
    0x0000bcc0   0x00000056   Code   RO         4065    x$fpl$f2d           fz_wm.l(f2d.o)
    0x0000bd16   0x0000008c   Code   RO         4094    x$fpl$fnaninf       fz_wm.l(fnaninf.o)
    0x0000bda2   0x0000000a   Code   RO         4226    x$fpl$fpinit        fz_wm.l(fpinit.o)
    0x0000bdac   0x0000000a   Code   RO         4096    x$fpl$fretinf       fz_wm.l(fretinf.o)
    0x0000bdb6   0x00000000   Code   RO         4098    x$fpl$usenofp       fz_wm.l(usenofp.o)
    0x0000bdb6   0x00000002   PAD
    0x0000bdb8   0x00000210   Data   RO          190    .constdata          gpio.o
    0x0000bfc8   0x000001c4   Data   RO          507    .constdata          sysctl.o
    0x0000c18c   0x0000002c   Data   RO         3060    .constdata          ff.o
    0x0000c1b8   0x0000010c   Data   RO         3920    .constdata          driverlib.lib(interrupt.o)
    0x0000c2c4   0x00000004   PAD
    0x0000c2c8   0x00000050   Data   RO         4070    .constdata          m_wm.l(asin.o)
    0x0000c318   0x00000020   Data   RO         4289    Region$$Table       anon$$obj.o


    Execution Region RW_IRAM1 (Base: 0x20000000, Size: 0x00003350, Max: 0x00008000, ABSOLUTE, COMPRESSED[0x0000045c])

    Base Addr    Size         Type   Attr      Idx    E Section Name        Object

    0x20000000   0x00000001   Data   RW            2    .data               main.o
    0x20000001   0x00000003   PAD
    0x20000004   0x00000010   Data   RW         2017    .data               usart.o
    0x20000014   0x00000008   Data   RW         2146    .data               hal_i2c.o
    0x2000001c   0x00000004   Data   RW         2178    .data               hal_pwm.o
    0x20000020   0x00000014   Data   RW         2213    .data               hal_timer.o
    0x20000034   0x00000010   Data   RW         2294    .data               hal_pwm_in.o
    0x20000044   0x00000404   Data   RW         2368    .data               mymath.o
    0x20000448   0x0000001c   Data   RW         2454    .data               mpu6050.o
    0x20000464   0x0000004a   Data   RW         2561    .data               ak8975.o
    0x200004ae   0x0000000d   Data   RW         2610    .data               led.o
    0x200004bb   0x00000001   PAD
    0x200004bc   0x0000000b   Data   RW         2663    .data               ultrasonic.o
    0x200004c7   0x00000001   PAD
    0x200004c8   0x0000002a   Data   RW         2701    .data               ms5611.o
    0x200004f2   0x00000002   PAD
    0x200004f4   0x00000045   Data   RW         2776    .data               rc.o
    0x20000539   0x00000001   Data   RW         2828    .data               parameter.o
    0x2000053a   0x00000002   PAD
    0x2000053c   0x0000000a   Data   RW         3061    .data               ff.o
    0x20000546   0x00000002   PAD
    0x20000548   0x00000004   Data   RW         3301    .data               diskio.o
    0x2000054c   0x0000003d   Data   RW         3345    .data               imu.o
    0x20000589   0x00000003   PAD
    0x2000058c   0x00000018   Data   RW         3374    .data               ctrl.o
    0x200005a4   0x00000014   Data   RW         3423    .data               filter.o
    0x200005b8   0x00000008   Data   RW         3459    .data               scheduler.o
    0x200005c0   0x00000064   Data   RW         3538    .data               height_ctrl.o
    0x20000624   0x0000000f   Data   RW         3624    .data               data_transfer.o
    0x20000633   0x00000001   PAD
    0x20000634   0x0000000c   Data   RW         3751    .data               autofly.o
    0x20000640   0x00000005   Data   RW         3788    .data               tracking.o
    0x20000645   0x00000003   PAD
    0x20000648   0x00000100   Zero   RW         2016    .bss                usart.o
    0x20000748   0x0000003c   Zero   RW         2212    .bss                hal_timer.o
    0x20000784   0x00000030   Zero   RW         2293    .bss                hal_pwm_in.o
    0x200007b4   0x00000180   Zero   RW         2453    .bss                mpu6050.o
    0x20000934   0x0000000c   Zero   RW         2560    .bss                ak8975.o
    0x20000940   0x00000010   Zero   RW         2700    .bss                ms5611.o
    0x20000950   0x000000b0   Zero   RW         2775    .bss                rc.o
    0x20000a00   0x00002174   Zero   RW         2827    .bss                parameter.o
    0x20002b74   0x0000000c   Zero   RW         2942    .bss                drv_w25qxx.o
    0x20002b80   0x0000006c   Zero   RW         3344    .bss                imu.o
    0x20002bec   0x00000204   Zero   RW         3373    .bss                ctrl.o
    0x20002df0   0x00000058   Zero   RW         3422    .bss                filter.o
    0x20002e48   0x00000024   Zero   RW         3458    .bss                scheduler.o
    0x20002e6c   0x000001d4   Zero   RW         3537    .bss                height_ctrl.o
    0x20003040   0x00000086   Zero   RW         3623    .bss                data_transfer.o
    0x200030c6   0x00000002   PAD
    0x200030c8   0x00000024   Zero   RW         3787    .bss                tracking.o
    0x200030ec   0x00000060   Zero   RW         4158    .bss                c_w.l(libspace.o)
    0x2000314c   0x00000004   PAD
    0x20003150   0x00000000   Zero   RW         3821    HEAP                startup_tm4c123.o
    0x20003150   0x00000200   Zero   RW         3820    STACK               startup_tm4c123.o


==============================================================================

Image component sizes


      Code (inc. data)   RO Data    RW Data    ZI Data      Debug   Object Name

      1092         36          0         74         12       4007   ak8975.o
       336         52          0         12          0       3272   autofly.o
       304         42          0          0          0        762   bluetooth.o
      4660        276          0         24        516       6562   ctrl.o
      7808        300          0         15        134      18086   data_transfer.o
        28          0          0          0          0        627   delay.o
       256         22          0          4          0       5728   diskio.o
       576         16          0          0         12       9785   drv_w25qxx.o
      7564        114         44         10          0      38623   ff.o
       342         12          0         20         88       3495   filter.o
       644         10        528          0          0       8324   gpio.o
       620         44          0          8          0       3909   hal_i2c.o
       452         46          0          4          0       2284   hal_pwm.o
       520         84          0         16         48       3507   hal_pwm_in.o
       522         66          0         20         60       6695   hal_timer.o
      3404        408          0        100        468       7432   height_ctrl.o
       186         14          0          0          0       6764   i2c.o
      2352        176          0         61        108       4084   imu.o
       164         22          0          0          0        695   init.o
      1004         58          0         13          0       4292   led.o
        76         22          0          1          0       6486   main.o
      2020         86          0         28        384      24205   mpu6050.o
      1012        114          0         42         16       7455   ms5611.o
       682         58          0       1028          0       5463   mymath.o
      1208        162          0          1       8564       8937   parameter.o
       138          6          0          0          0       3623   pwm.o
      1468        136          0         69        176       4485   rc.o
       628         70          0          8         36       6693   scheduler.o
       276         24        620          0        512       5528   startup_tm4c123.o
       778         70        452          0          0       5507   sysctl.o
       152         40          0          0          0        717   system_tm4c123.o
        64          0          0          0          0       2991   systick.o
       146         12          0          0          0       3993   timer.o
       220         46          0          5         36       2995   tracking.o
       222          0          0          0          0       7436   uart.o
       192         34          0         11          0       2489   ultrasonic.o
       962        188          0         16        256      11466   usart.o

    ----------------------------------------------------------------------
     43116       2866       1676       1608      11428     249402   Object Totals
         0          0         32          0          0          0   (incl. Generated)
        38          0          0         18          2          0   (incl. Padding)

    ----------------------------------------------------------------------

      Code (inc. data)   RO Data    RW Data    ZI Data      Debug   Library Member Name

        90          0          0          0          0          0   __dczerorl2.o
         8          0          0          0          0         68   __main.o
         0          0          0          0          0          0   __rtentry.o
        12          0          0          0          0          0   __rtentry2.o
         6          0          0          0          0          0   __rtentry4.o
        52          8          0          0          0          0   __scatter.o
        28          0          0          0          0          0   __scatter_zi.o
        22          0          0          0          0        100   _rserrno.o
        12          0          0          0          0         72   exit.o
         6          0          0          0          0        152   heapauxi.o
         2          0          0          0          0          0   libinit.o
         6          0          0          0          0          0   libinit2.o
         2          0          0          0          0          0   libshutdown.o
         2          0          0          0          0          0   libshutdown2.o
         8          4          0          0         96         68   libspace.o
         8          4          0          0          0         68   rt_errno_addr_intlibspace.o
        78          0          0          0          0         80   rt_memclr_w.o
         2          0          0          0          0          0   rtexit.o
        10          0          0          0          0          0   rtexit2.o
        74          0          0          0          0         80   sys_stackheap_outer.o
         2          0          0          0          0         68   use_no_semi.o
         2          0          0          0          0         68   use_no_semi_2.o
        38          0          0          0          0       3620   cpu.o
       114          8        268          0          0       2042   interrupt.o
        24          0          0          0          0        164   basic.o
        98          4          0          0          0        140   d2f.o
       826         16          0          0          0        492   daddsub_clz.o
       688        140          0          0          0        256   ddiv.o
        46          0          0          0          0        116   dflt_clz.o
       340         12          0          0          0        152   dmul.o
       156          4          0          0          0        140   dnaninf.o
        12          0          0          0          0        116   dretinf.o
       408         56          0          0          0        168   dsqrt_umaal.o
        86          4          0          0          0        132   f2d.o
       140          4          0          0          0        132   fnaninf.o
        10          0          0          0          0        116   fpinit.o
        10          0          0          0          0        116   fretinf.o
         0          0          0          0          0          0   usenofp.o
       864         94         80          0          0        280   asin.o
        84         16          0          0          0        372   dunder.o
        24          0          0          0          0        124   fabs.o
        48          0          0          0          0        124   fpclassify.o
       248          0          0          0          0        152   poly.o
       110          0          0          0          0        148   sqrt.o

    ----------------------------------------------------------------------
      4832        374        352          0        100       9926   Library Totals
        26          0          4          0          4          0   (incl. Padding)

    ----------------------------------------------------------------------

      Code (inc. data)   RO Data    RW Data    ZI Data      Debug   Library Name

       432         16          0          0         96        824   c_w.l
       152          8        268          0          0       5662   driverlib.lib
      2844        240          0          0          0       2240   fz_wm.l
      1378        110         80          0          0       1200   m_wm.l

    ----------------------------------------------------------------------
      4832        374        352          0        100       9926   Library Totals

    ----------------------------------------------------------------------

==============================================================================


      Code (inc. data)   RO Data    RW Data    ZI Data      Debug   

     47948       3240       2028       1608      11528     234616   Grand Totals
     47948       3240       2028       1116      11528     234616   ELF Image Totals (compressed)
     47948       3240       2028       1116          0          0   ROM Totals

==============================================================================

    Total RO  Size (Code + RO Data)                49976 (  48.80kB)
    Total RW  Size (RW Data + ZI Data)             13136 (  12.83kB)
    Total ROM Size (Code + RO Data + RW Data)      51092 (  49.89kB)

==============================================================================

